Archive member included because of file (symbol)

contiki-sky.a(contiki-sky-pla)
                              obj_sky/contiki-sky-main.o (init_platform)
contiki-sky.a(button-sensor.o)
                              contiki-sky.a(contiki-sky-pla) (button_sensor)
contiki-sky.a(ds2411.o)       obj_sky/contiki-sky-main.o (ds2411_init)
contiki-sky.a(xmem.o)         obj_sky/contiki-sky-main.o (xmem_init)
contiki-sky.a(node-id.o)      obj_sky/contiki-sky-main.o (node_id_restore)
contiki-sky.a(sensors.o)      contiki-sky.a(button-sensor.o) (sensors_changed)
contiki-sky.a(cc2420.o)       obj_sky/contiki-sky-main.o (cc2420_set_pan_addr)
contiki-sky.a(cc2420-arch.o)  contiki-sky.a(cc2420.o) (cc2420_arch_init)
contiki-sky.a(uart1.o)        obj_sky/contiki-sky-main.o (uart1_active)
contiki-sky.a(uart1-putchar.o)
                              obj_sky/contiki-sky-main.o (putchar)
contiki-sky.a(msp430.o)       contiki-sky.a(uart1.o) (msp430_add_lpm_req)
contiki-sky.a(clock.o)        obj_sky/contiki-sky-main.o (clock_init)
contiki-sky.a(leds.o)         obj_sky/contiki-sky-main.o (leds_init)
contiki-sky.a(leds-arch.o)    contiki-sky.a(leds.o) (leds_arch_init)
contiki-sky.a(watchdog.o)     obj_sky/contiki-sky-main.o (watchdog_start)
contiki-sky.a(rtimer-arch.o)  obj_sky/contiki-sky-main.o (rtimer_arch_now)
contiki-sky.a(autostart.o)    obj_sky/contiki-sky-main.o (autostart_start)
contiki-sky.a(ctimer.o)       obj_sky/contiki-sky-main.o (ctimer_init)
contiki-sky.a(energest.o)     obj_sky/contiki-sky-main.o (energest_init)
contiki-sky.a(etimer.o)       contiki-sky.a(clock.o) (etimer_request_poll)
contiki-sky.a(process.o)      contiki-sky.a(ctimer.o) (process_current)
contiki-sky.a(rtimer.o)       obj_sky/contiki-sky-main.o (rtimer_init)
contiki-sky.a(timer.o)        obj_sky/contiki-sky-main.o (timer_set)
contiki-sky.a(serial-line.o)  obj_sky/contiki-sky-main.o (serial_line_input_byte)
contiki-sky.a(list.o)         contiki-sky.a(ctimer.o) (list_init)
contiki-sky.a(random.o)       obj_sky/contiki-sky-main.o (random_init)
contiki-sky.a(ringbuf.o)      contiki-sky.a(serial-line.o) (ringbuf_init)
contiki-sky.a(rime.o)         obj_sky/contiki-sky-main.o (rime_driver)
contiki-sky.a(broadcast-annou)
                              contiki-sky.a(rime.o) (broadcast_announcement_init)
contiki-sky.a(broadcast.o)    contiki-sky.a(broadcast-annou) (broadcast_open)
contiki-sky.a(chameleon.o)    contiki-sky.a(rime.o) (chameleon_init)
contiki-sky.a(channel.o)      contiki-sky.a(chameleon.o) (channel_init)
contiki-sky.a(collect.o)      example-collect.co (collect_open)
contiki-sky.a(unicast.o)      contiki-sky.a(collect.o) (unicast_open)
contiki-sky.a(abc.o)          contiki-sky.a(broadcast.o) (abc_open)
contiki-sky.a(collect-link-es)
                              contiki-sky.a(collect.o) (collect_link_estimate_num_estimates)
contiki-sky.a(announcement.o)
                              contiki-sky.a(rime.o) (announcement_init)
contiki-sky.a(collect-neighbo)
                              contiki-sky.a(collect.o) (collect_neighbor_init)
contiki-sky.a(csma.o)         obj_sky/contiki-sky-main.o (csma_driver)
contiki-sky.a(mac.o)          contiki-sky.a(csma.o) (mac_call_sent_callback)
contiki-sky.a(queuebuf.o)     contiki-sky.a(rime.o) (queuebuf_init)
contiki-sky.a(packetbuf.o)    contiki-sky.a(rime.o) (packetbuf_compact)
contiki-sky.a(linkaddr.o)     example-collect.co (linkaddr_copy)
contiki-sky.a(contikimac.o)   obj_sky/contiki-sky-main.o (contikimac_driver)
contiki-sky.a(contikimac-fram)
                              contiki-sky.a(contikimac.o) (contikimac_framer)
contiki-sky.a(nullsec.o)      obj_sky/contiki-sky-main.o (nullsec_driver)
contiki-sky.a(spi.o)          contiki-sky.a(xmem.o) (spi_init)
contiki-sky.a(compower.o)     contiki-sky.a(contikimac.o) (compower_accumulate)
contiki-sky.a(memb.o)         contiki-sky.a(collect-neighbo) (memb_init)
contiki-sky.a(chameleon-bitop)
                              contiki-sky.a(chameleon.o) (chameleon_bitopt)
contiki-sky.a(packetqueue.o)  contiki-sky.a(collect.o) (packetqueue_enqueue_packetbuf)
contiki-sky.a(mac-sequence.o)
                              contiki-sky.a(contikimac.o) (mac_sequence_is_duplicate)
contiki-sky.a(framer-802154.o)
                              contiki-sky.a(contikimac-fram) (framer_802154)
contiki-sky.a(frame802154.o)  contiki-sky.a(framer-802154.o) (frame802154_hdrlen)
contiki-sky.a(framer.o)       contiki-sky.a(framer-802154.o) (framer_canonical_create_and_secure)
/usr/lib/gcc/msp430/4.6.3/mmpy-16/libgcc.a(_mulsi3.o)
                              contiki-sky.a(csma.o) (__mulsi3)
/usr/lib/gcc/msp430/4.6.3/mmpy-16/libgcc.a(_udivmod16.o)
                              example-collect.co (__umodhi3)
/usr/lib/gcc/msp430/4.6.3/mmpy-16/libgcc.a(_udivmod32.o)
                              obj_sky/contiki-sky-main.o (__udivsi3)
/usr/lib/gcc/msp430/4.6.3/../../../../msp430/lib/mmpy-16/libc.a(strncmp.o)
                              contiki-sky.a(sensors.o) (strncmp)
[...]
Memory Configuration

Name             Origin             Length             Attributes
sfr              0x0000000000000000 0x0000000000000010
peripheral_8bit  0x0000000000000010 0x00000000000000f0
peripheral_16bit 0x0000000000000100 0x0000000000000100
ram_mirror       0x0000000000000200 0x0000000000000800 xw
infomem          0x0000000000001000 0x0000000000000100
infob            0x0000000000001000 0x0000000000000080
infoa            0x0000000000001080 0x0000000000000080
ram              0x0000000000001100 0x0000000000002800 xw
rom              0x0000000000004000 0x000000000000bfe0 xr
vectors          0x000000000000ffe0 0x0000000000000020
bsl              0x0000000000000000 0x0000000000000000
infoc            0x0000000000000000 0x0000000000000000
infod            0x0000000000000000 0x0000000000000000
ram2             0x0000000000000000 0x0000000000000000 xw
usbram           0x0000000000000000 0x0000000000000000 xw
far_rom          0x0000000000000000 0x0000000000000000
*default*        0x0000000000000000 0xffffffffffffffff

Linker script and memory map

LOAD /usr/lib/gcc/msp430/4.6.3/mmpy-16/crt0ivtbl16.o
LOAD example-collect.co
LOAD obj_sky/contiki-sky-main.o
LOAD contiki-sky.a
LOAD /usr/lib/gcc/msp430/4.6.3/mmpy-16/libgcc.a
LOAD /usr/lib/gcc/msp430/4.6.3/../../../../msp430/lib/mmpy-16/libc.a
LOAD /usr/lib/gcc/msp430/4.6.3/mmpy-16/libgcc.a
LOAD /usr/lib/gcc/msp430/4.6.3/mmpy-16/libcrt0.a
                0x0000000000000080                PROVIDE (__info_segment_size, 0x80)
                0x0000000000001000                PROVIDE (__infob, 0x1000)
                0x0000000000001080                PROVIDE (__infoa, 0x1080)
                0x0000000000000000                __IE1 = 0x0
                0x0000000000000002                __IFG1 = 0x2
                0x0000000000000004                __ME1 = 0x4
                0x0000000000000001                __IE2 = 0x1
                0x0000000000000003                __IFG2 = 0x3
                0x0000000000000005                __ME2 = 0x5
                0x0000000000000120                __WDTCTL = 0x120
                0x0000000000000130                __MPY = 0x130
                0x0000000000000132                __MPYS = 0x132
                0x0000000000000134                __MAC = 0x134
                0x0000000000000136                __MACS = 0x136
                0x0000000000000138                __OP2 = 0x138
                0x000000000000013a                __RESLO = 0x13a
                0x000000000000013c                __RESHI = 0x13c
                0x000000000000013e                __SUMEXT = 0x13e
                0x0000000000000020                __P1IN = 0x20
                0x0000000000000021                __P1OUT = 0x21
                0x0000000000000022                __P1DIR = 0x22
                0x0000000000000023                __P1IFG = 0x23
                0x0000000000000024                __P1IES = 0x24
                0x0000000000000025                __P1IE = 0x25
                0x0000000000000026                __P1SEL = 0x26
                0x0000000000000028                __P2IN = 0x28
                0x0000000000000029                __P2OUT = 0x29
                0x000000000000002a                __P2DIR = 0x2a
                0x000000000000002b                __P2IFG = 0x2b
                0x000000000000002c                __P2IES = 0x2c
                0x000000000000002d                __P2IE = 0x2d
                0x000000000000002e                __P2SEL = 0x2e
                0x0000000000000018                __P3IN = 0x18
                0x0000000000000019                __P3OUT = 0x19
                0x000000000000001a                __P3DIR = 0x1a
                0x000000000000001b                __P3SEL = 0x1b
                0x000000000000001c                __P4IN = 0x1c
                0x000000000000001d                __P4OUT = 0x1d
                0x000000000000001e                __P4DIR = 0x1e
                0x000000000000001f                __P4SEL = 0x1f
                0x0000000000000030                __P5IN = 0x30
                0x0000000000000031                __P5OUT = 0x31
                0x0000000000000032                __P5DIR = 0x32
                0x0000000000000033                __P5SEL = 0x33
                0x0000000000000034                __P6IN = 0x34
                0x0000000000000035                __P6OUT = 0x35
                0x0000000000000036                __P6DIR = 0x36
                0x0000000000000037                __P6SEL = 0x37
                0x0000000000000070                __U0CTL = 0x70
                0x0000000000000071                __U0TCTL = 0x71
                0x0000000000000072                __U0RCTL = 0x72
                0x0000000000000073                __U0MCTL = 0x73
                0x0000000000000074                __U0BR0 = 0x74
                0x0000000000000075                __U0BR1 = 0x75
                0x0000000000000076                __U0RXBUF = 0x76
                0x0000000000000077                __U0TXBUF = 0x77
                0x0000000000000078                __U1CTL = 0x78
                0x0000000000000079                __U1TCTL = 0x79
                0x000000000000007a                __U1RCTL = 0x7a
                0x000000000000007b                __U1MCTL = 0x7b
                0x000000000000007c                __U1BR0 = 0x7c
                0x000000000000007d                __U1BR1 = 0x7d
                0x000000000000007e                __U1RXBUF = 0x7e
                0x000000000000007f                __U1TXBUF = 0x7f
                0x0000000000000050                __I2CIE = 0x50
                0x0000000000000051                __I2CIFG = 0x51
                0x0000000000000052                __I2CNDAT = 0x52
                0x0000000000000071                __I2CTCTL = 0x71
                0x0000000000000072                __I2CDCTL = 0x72
                0x0000000000000073                __I2CPSC = 0x73
                0x0000000000000074                __I2CSCLH = 0x74
                0x0000000000000075                __I2CSCLL = 0x75
                0x0000000000000076                __I2CDRB = 0x76
                0x0000000000000076                __I2CDRW = 0x76
                0x0000000000000118                __I2COA = 0x118
                0x000000000000011a                __I2CSA = 0x11a
                0x000000000000011c                __I2CIV = 0x11c
                0x000000000000012e                __TAIV = 0x12e
                0x0000000000000160                __TACTL = 0x160
                0x0000000000000162                __TACCTL0 = 0x162
                0x0000000000000164                __TACCTL1 = 0x164
                0x0000000000000166                __TACCTL2 = 0x166
                0x0000000000000170                __TAR = 0x170
                0x0000000000000172                __TACCR0 = 0x172
                0x0000000000000174                __TACCR1 = 0x174
                0x0000000000000176                __TACCR2 = 0x176
                0x000000000000011e                __TBIV = 0x11e
                0x0000000000000180                __TBCTL = 0x180
                0x0000000000000182                __TBCCTL0 = 0x182
                0x0000000000000184                __TBCCTL1 = 0x184
                0x0000000000000186                __TBCCTL2 = 0x186
                0x0000000000000188                __TBCCTL3 = 0x188
                0x000000000000018a                __TBCCTL4 = 0x18a
                0x000000000000018c                __TBCCTL5 = 0x18c
                0x000000000000018e                __TBCCTL6 = 0x18e
                0x0000000000000190                __TBR = 0x190
                0x0000000000000192                __TBCCR0 = 0x192
                0x0000000000000194                __TBCCR1 = 0x194
                0x0000000000000196                __TBCCR2 = 0x196
                0x0000000000000198                __TBCCR3 = 0x198
                0x000000000000019a                __TBCCR4 = 0x19a
                0x000000000000019c                __TBCCR5 = 0x19c
                0x000000000000019e                __TBCCR6 = 0x19e
                0x0000000000000056                __DCOCTL = 0x56
                0x0000000000000057                __BCSCTL1 = 0x57
                0x0000000000000058                __BCSCTL2 = 0x58
                0x0000000000000055                __SVSCTL = 0x55
                0x0000000000000128                __FCTL1 = 0x128
                0x000000000000012a                __FCTL2 = 0x12a
                0x000000000000012c                __FCTL3 = 0x12c
                0x0000000000000059                __CACTL1 = 0x59
                0x000000000000005a                __CACTL2 = 0x5a
                0x000000000000005b                __CAPD = 0x5b
                0x00000000000001a0                __ADC12CTL0 = 0x1a0
                0x00000000000001a2                __ADC12CTL1 = 0x1a2
                0x00000000000001a4                __ADC12IFG = 0x1a4
                0x00000000000001a6                __ADC12IE = 0x1a6
                0x00000000000001a8                __ADC12IV = 0x1a8
                0x0000000000000140                __ADC12MEM0 = 0x140
                0x0000000000000142                __ADC12MEM1 = 0x142
                0x0000000000000144                __ADC12MEM2 = 0x144
                0x0000000000000146                __ADC12MEM3 = 0x146
                0x0000000000000148                __ADC12MEM4 = 0x148
                0x000000000000014a                __ADC12MEM5 = 0x14a
                0x000000000000014c                __ADC12MEM6 = 0x14c
                0x000000000000014e                __ADC12MEM7 = 0x14e
                0x0000000000000150                __ADC12MEM8 = 0x150
                0x0000000000000152                __ADC12MEM9 = 0x152
                0x0000000000000154                __ADC12MEM10 = 0x154
                0x0000000000000156                __ADC12MEM11 = 0x156
                0x0000000000000158                __ADC12MEM12 = 0x158
                0x000000000000015a                __ADC12MEM13 = 0x15a
                0x000000000000015c                __ADC12MEM14 = 0x15c
                0x000000000000015e                __ADC12MEM15 = 0x15e
                0x0000000000000080                __ADC12MCTL0 = 0x80
                0x0000000000000081                __ADC12MCTL1 = 0x81
                0x0000000000000082                __ADC12MCTL2 = 0x82
                0x0000000000000083                __ADC12MCTL3 = 0x83
                0x0000000000000084                __ADC12MCTL4 = 0x84
                0x0000000000000085                __ADC12MCTL5 = 0x85
                0x0000000000000086                __ADC12MCTL6 = 0x86
                0x0000000000000087                __ADC12MCTL7 = 0x87
                0x0000000000000088                __ADC12MCTL8 = 0x88
                0x0000000000000089                __ADC12MCTL9 = 0x89
                0x000000000000008a                __ADC12MCTL10 = 0x8a
                0x000000000000008b                __ADC12MCTL11 = 0x8b
                0x000000000000008c                __ADC12MCTL12 = 0x8c
                0x000000000000008d                __ADC12MCTL13 = 0x8d
                0x000000000000008e                __ADC12MCTL14 = 0x8e
                0x000000000000008f                __ADC12MCTL15 = 0x8f
                0x00000000000001c0                __DAC12_0CTL = 0x1c0
                0x00000000000001c2                __DAC12_1CTL = 0x1c2
                0x00000000000001c8                __DAC12_0DAT = 0x1c8
                0x00000000000001ca                __DAC12_1DAT = 0x1ca
                0x0000000000000122                __DMACTL0 = 0x122
                0x0000000000000124                __DMACTL1 = 0x124
                0x00000000000001e0                __DMA0CTL = 0x1e0
                0x00000000000001e8                __DMA1CTL = 0x1e8
                0x00000000000001f0                __DMA2CTL = 0x1f0
                0x00000000000001e2                __DMA0SA = 0x1e2
                0x00000000000001e4                __DMA0DA = 0x1e4
                0x00000000000001e6                __DMA0SZ = 0x1e6
                0x00000000000001ea                __DMA1SA = 0x1ea
                0x00000000000001ec                __DMA1DA = 0x1ec
                0x00000000000001ee                __DMA1SZ = 0x1ee
                0x00000000000001f2                __DMA2SA = 0x1f2
                0x00000000000001f4                __DMA2DA = 0x1f4
                0x00000000000001f6                __DMA2SZ = 0x1f6

.hash
 *(.hash)

.dynsym
 *(.dynsym)

.dynstr
 *(.dynstr)

.gnu.version
 *(.gnu.version)

.gnu.version_d
 *(.gnu.version_d)

.gnu.version_r
 *(.gnu.version_r)

.rel.init
 *(.rel.init)

.rela.init
 *(.rela.init)

.rel.fini
 *(.rel.fini)

.rela.fini
 *(.rela.fini)

.rel.text
 *(.rel.text .rel.text.* .rel.gnu.linkonce.t.*)

.rela.text
 *(.rela.text .rela.text.* .rela.gnu.linkonce.t.*)

.rel.rodata
 *(.rel.rodata .rel.rodata.* .rel.gnu.linkonce.r.*)

.rela.rodata
 *(.rela.rodata .rela.rodata.* .rela.gnu.linkonce.r.*)

.rel.data
 *(.rel.data .rel.data.* .rel.gnu.linkonce.d.*)

.rela.data
 *(.rela.data .rela.data.* .rela.gnu.linkonce.d.*)

.rel.bss
 *(.rel.bss .rel.bss.* .rel.gnu.linkonce.b.*)

.rela.bss
 *(.rela.bss .rela.bss.* .rela.gnu.linkonce.b.*)

.rel.ctors
 *(.rel.ctors)

.rela.ctors
 *(.rela.ctors)

.rel.dtors
 *(.rel.dtors)

.rela.dtors
 *(.rela.dtors)

.rel.got
 *(.rel.got)

.rela.got
 *(.rela.got)

.rel.plt
 *(.rel.plt)

.rela.plt
 *(.rela.plt)

.text           0x0000000000004000     0x60c2
                0x0000000000004000                . = ALIGN (0x2)
 *(.init .init.*)
 *(.init0)
 .init0         0x0000000000004000        0x0 /usr/lib/gcc/msp430/4.6.3/mmpy-16/libcrt0.a(_reset_vector__.o)
                0x0000000000004000                _reset_vector__
 *(.init1)
 .init1         0x0000000000004000        0xc /usr/lib/gcc/msp430/4.6.3/mmpy-16/libcrt0.a(__watchdog_support.o)
                0x0000000000004000                __watchdog_support
 *(.init2)
 .init2         0x000000000000400c        0x4 /usr/lib/gcc/msp430/4.6.3/mmpy-16/libcrt0.a(__init_stack.o)
                0x000000000000400c                __init_stack
 *(.init3)
 .init3         0x0000000000004010        0x0 /usr/lib/gcc/msp430/4.6.3/mmpy-16/libcrt0.a(__low_level_init.o)
                0x0000000000004010                __low_level_init
 *(.init4)
 .init4         0x0000000000004010       0x18 /usr/lib/gcc/msp430/4.6.3/mmpy-16/libcrt0.a(_copy_data.o)
                0x0000000000004010                __do_copy_data
 .init4         0x0000000000004028       0x16 /usr/lib/gcc/msp430/4.6.3/mmpy-16/libcrt0.a(_clear_bss.o)
                0x0000000000004028                __do_clear_bss
 *(.init5)
 *(.init6)
 *(.init7)
 *(.init8)
 *(.init9)
 .init9         0x000000000000403e      0x2d0 obj_sky/contiki-sky-main.o
                0x000000000000403e                main
 *(.fini9)
 .fini9         0x000000000000430e        0x0 /usr/lib/gcc/msp430/4.6.3/mmpy-16/libcrt0.a(__stop_progExec__.o)
                0x000000000000430e                __stop_progExec__
 *(.fini8)
 *(.fini7)
 *(.fini6)
 *(.fini5)
 *(.fini4)
 *(.fini3)
 *(.fini2)
 *(.fini1)
 *(.fini0)
 .fini0         0x000000000000430e        0x6 /usr/lib/gcc/msp430/4.6.3/mmpy-16/libcrt0.a(_endless_loop__.o)
                0x000000000000430e                _endless_loop__
 *(.fini .fini.*)
                0x0000000000004314                . = ALIGN (0x2)
                0x0000000000004314                __ctors_start = .
 *(.ctors)
                0x0000000000004314                __ctors_end = .
                0x0000000000004314                __dtors_start = .
 *(.dtors)
                0x0000000000004314                __dtors_end = .
                0x0000000000004314                . = ALIGN (0x2)
 *(.text .text.* .gnu.linkonce.t.*)
 .text          0x0000000000004314        0x4 /usr/lib/gcc/msp430/4.6.3/mmpy-16/crt0ivtbl16.o
                0x0000000000004314                __isr_14
                0x0000000000004314                __isr_11
                0x0000000000004314                __isr_2
                0x0000000000004314                __isr_7
                0x0000000000004314                __isr_0
                0x0000000000004314                __isr_8
                0x0000000000004314                __isr_3
                0x0000000000004314                __isr_12
                0x0000000000004314                __isr_13
                0x0000000000004314                __isr_9
 .text.process_thread_example_collect_process
                0x0000000000004318      0x158 example-collect.co
 .text.recv     0x0000000000004470       0x44 example-collect.co
 .text.start_network_layer
                0x00000000000044b4       0x3c obj_sky/contiki-sky-main.o
 .text.init_platform
                0x00000000000044f0        0xc contiki-sky.a(contiki-sky-pla)
                0x00000000000044f0                init_platform
 .text.status   0x00000000000044fc       0x16 contiki-sky.a(button-sensor.o)
 .text.configure
                0x0000000000004512       0x52 contiki-sky.a(button-sensor.o)
 .text.value    0x0000000000004564       0x22 contiki-sky.a(button-sensor.o)
 .text.irq_p2   0x0000000000004586       0x8a contiki-sky.a(button-sensor.o)
                0x0000000000004586                irq_p2
                0x0000000000004586                __isr_1
 .text.owreadb  0x0000000000004610       0x52 contiki-sky.a(ds2411.o)
 .text.ds2411_init
                0x0000000000004662      0x122 contiki-sky.a(ds2411.o)
                0x0000000000004662                ds2411_init
 .text.wait_ready
                0x0000000000004784       0x50 contiki-sky.a(xmem.o)
 .text.xmem_init
                0x00000000000047d4       0x3e contiki-sky.a(xmem.o)
                0x00000000000047d4                xmem_init
 .text.xmem_pread
                0x0000000000004812       0xea contiki-sky.a(xmem.o)
                0x0000000000004812                xmem_pread
 .text.node_id_restore
                0x00000000000048fc       0x38 contiki-sky.a(node-id.o)
                0x00000000000048fc                node_id_restore
 .text.process_thread_sensors_process
                0x0000000000004934       0xbe contiki-sky.a(sensors.o)
 .text.sensors_changed
                0x00000000000049f2       0x2a contiki-sky.a(sensors.o)
                0x00000000000049f2                sensors_changed
 .text.get_object
                0x0000000000004a1c        0x4 contiki-sky.a(cc2420.o)
 .text.set_object
                0x0000000000004a20        0x4 contiki-sky.a(cc2420.o)
 .text.strobe   0x0000000000004a24       0x20 contiki-sky.a(cc2420.o)
 .text.getreg   0x0000000000004a44       0x54 contiki-sky.a(cc2420.o)
 .text.setreg   0x0000000000004a98       0x52 contiki-sky.a(cc2420.o)
 .text.write_ram
                0x0000000000004aea       0x80 contiki-sky.a(cc2420.o)
 .text.write_fifo_buf
                0x0000000000004b6a       0x40 contiki-sky.a(cc2420.o)
 .text.get_status
                0x0000000000004baa       0x24 contiki-sky.a(cc2420.o)
 .text.set_txpower
                0x0000000000004bce       0x26 contiki-sky.a(cc2420.o)
 .text.cc2420_receiving_packet
                0x0000000000004bf4        0xe contiki-sky.a(cc2420.o)
 .text.pending_packet
                0x0000000000004c02        0x8 contiki-sky.a(cc2420.o)
 .text.on       0x0000000000004c0a       0x1e contiki-sky.a(cc2420.o)
 .text.wait_for_transmission
                0x0000000000004c28       0x22 contiki-sky.a(cc2420.o)
 .text.wait_for_status
                0x0000000000004c4a       0x2a contiki-sky.a(cc2420.o)
 .text.getrxdata
                0x0000000000004c74       0x56 contiki-sky.a(cc2420.o)
 .text.flushrx  0x0000000000004cca       0x1a contiki-sky.a(cc2420.o)
 .text.off      0x0000000000004ce4       0x5a contiki-sky.a(cc2420.o)
 .text.RELEASE_LOCK
                0x0000000000004d3e       0x28 contiki-sky.a(cc2420.o)
 .text.set_key  0x0000000000004d66       0x18 contiki-sky.a(cc2420.o)
 .text.cc2420_prepare
                0x0000000000004d7e       0x3c contiki-sky.a(cc2420.o)
 .text.cc2420_on
                0x0000000000004dba       0x22 contiki-sky.a(cc2420.o)
                0x0000000000004dba                cc2420_on
 .text.cc2420_off
                0x0000000000004ddc       0x30 contiki-sky.a(cc2420.o)
                0x0000000000004ddc                cc2420_off
 .text.cc2420_cca
                0x0000000000004e0c       0x5e contiki-sky.a(cc2420.o)
 .text.cc2420_read
                0x0000000000004e6a       0xb0 contiki-sky.a(cc2420.o)
 .text.process_thread_cc2420_process
                0x0000000000004f1a       0x50 contiki-sky.a(cc2420.o)
 .text.encrypt  0x0000000000004f6a       0x8e contiki-sky.a(cc2420.o)
 .text.cc2420_set_channel
                0x0000000000004ff8       0x3c contiki-sky.a(cc2420.o)
                0x0000000000004ff8                cc2420_set_channel
 .text.cc2420_set_pan_addr
                0x0000000000005034       0x4c contiki-sky.a(cc2420.o)
                0x0000000000005034                cc2420_set_pan_addr
 .text.cc2420_interrupt
                0x0000000000005080       0x18 contiki-sky.a(cc2420.o)
                0x0000000000005080                cc2420_interrupt
 .text.cc2420_set_txpower
                0x0000000000005098        0xe contiki-sky.a(cc2420.o)
                0x0000000000005098                cc2420_set_txpower
 .text.cc2420_get_txpower
                0x00000000000050a6       0x1e contiki-sky.a(cc2420.o)
                0x00000000000050a6                cc2420_get_txpower
 .text.cc2420_transmit
                0x00000000000050c4      0x12a contiki-sky.a(cc2420.o)
 .text.cc2420_send
                0x00000000000051ee       0x12 contiki-sky.a(cc2420.o)
 .text.cc2420_rssi
                0x0000000000005200       0x4c contiki-sky.a(cc2420.o)
                0x0000000000005200                cc2420_rssi
 .text.get_value
                0x000000000000524c       0xac contiki-sky.a(cc2420.o)
 .text.cc2420_set_cca_threshold
                0x00000000000052f8       0x16 contiki-sky.a(cc2420.o)
                0x00000000000052f8                cc2420_set_cca_threshold
 .text.set_value
                0x000000000000530e       0x8a contiki-sky.a(cc2420.o)
 .text.cc2420_init
                0x0000000000005398       0xde contiki-sky.a(cc2420.o)
                0x0000000000005398                cc2420_init
 .text.cc2420_port1_interrupt
                0x0000000000005476       0x62 contiki-sky.a(cc2420-arch.o)
                0x0000000000005476                __isr_4
                0x0000000000005476                cc2420_port1_interrupt
 .text.cc2420_arch_init
                0x00000000000054d8       0x1a contiki-sky.a(cc2420-arch.o)
                0x00000000000054d8                cc2420_arch_init
 .text.handle_rxdma_timer
                0x00000000000054f2       0x3a contiki-sky.a(uart1.o)
 .text.uart1_active
                0x000000000000552c       0x1a contiki-sky.a(uart1.o)
                0x000000000000552c                uart1_active
 .text.uart1_set_input
                0x0000000000005546       0x20 contiki-sky.a(uart1.o)
                0x0000000000005546                uart1_set_input
 .text.uart1_writeb
                0x0000000000005566       0x1a contiki-sky.a(uart1.o)
                0x0000000000005566                uart1_writeb
 .text.uart1_init
                0x0000000000005580       0xf6 contiki-sky.a(uart1.o)
                0x0000000000005580                uart1_init
 .text.putchar  0x0000000000005676       0x10 contiki-sky.a(uart1-putchar.o)
                0x0000000000005676                putchar
 .text.msp430_init_dco
                0x0000000000005686       0x84 contiki-sky.a(msp430.o)
                0x0000000000005686                msp430_init_dco
 .text.msp430_add_lpm_req
                0x000000000000570a        0xc contiki-sky.a(msp430.o)
                0x000000000000570a                msp430_add_lpm_req
 .text.msp430_cpu_init
                0x0000000000005716       0x2a contiki-sky.a(msp430.o)
                0x0000000000005716                msp430_cpu_init
 .text.splhigh_
                0x0000000000005740        0x8 contiki-sky.a(msp430.o)
                0x0000000000005740                splhigh_
 .text.msp430_sync_dco
                0x0000000000005748       0x68 contiki-sky.a(msp430.o)
                0x0000000000005748                msp430_sync_dco
 .text.timera1  0x00000000000057b0      0x11e contiki-sky.a(clock.o)
                0x00000000000057b0                __isr_5
                0x00000000000057b0                timera1
 .text.clock_time
                0x00000000000058ce       0x1a contiki-sky.a(clock.o)
                0x00000000000058ce                clock_time
 .text.clock_init
                0x00000000000058e8       0x28 contiki-sky.a(clock.o)
                0x00000000000058e8                clock_init
 .text.clock_delay
                0x0000000000005910        0xc contiki-sky.a(clock.o)
                0x0000000000005910                clock_delay
 .text.show_leds
                0x000000000000591c       0xf6 contiki-sky.a(leds.o)
 .text.leds_init
                0x0000000000005a12        0xa contiki-sky.a(leds.o)
                0x0000000000005a12                leds_init
 .text.leds_on  0x0000000000005a1c        0xa contiki-sky.a(leds.o)
                0x0000000000005a1c                leds_on
 .text.leds_off
                0x0000000000005a26        0xe contiki-sky.a(leds.o)
                0x0000000000005a26                leds_off
 .text.leds_arch_init
                0x0000000000005a34        0xe contiki-sky.a(leds-arch.o)
                0x0000000000005a34                leds_arch_init
 .text.leds_arch_set
                0x0000000000005a42       0x3a contiki-sky.a(leds-arch.o)
                0x0000000000005a42                leds_arch_set
 .text.watchdog_interrupt
                0x0000000000005a7c        0x6 contiki-sky.a(watchdog.o)
                0x0000000000005a7c                __isr_10
                0x0000000000005a7c                watchdog_interrupt
 .text.watchdog_start
                0x0000000000005a82       0x14 contiki-sky.a(watchdog.o)
                0x0000000000005a82                watchdog_start
 .text.watchdog_periodic
                0x0000000000005a96       0x12 contiki-sky.a(watchdog.o)
                0x0000000000005a96                watchdog_periodic
 .text.watchdog_stop
                0x0000000000005aa8       0x16 contiki-sky.a(watchdog.o)
                0x0000000000005aa8                watchdog_stop
 .text.watchdog_init
                0x0000000000005abe       0x14 contiki-sky.a(watchdog.o)
                0x0000000000005abe                watchdog_init
 .text.rtimer_arch_init
                0x0000000000005ad2        0xe contiki-sky.a(rtimer-arch.o)
                0x0000000000005ad2                rtimer_arch_init
 .text.rtimer_arch_now
                0x0000000000005ae0        0xe contiki-sky.a(rtimer-arch.o)
                0x0000000000005ae0                rtimer_arch_now
 .text.timera0  0x0000000000005aee       0x70 contiki-sky.a(rtimer-arch.o)
                0x0000000000005aee                __isr_6
                0x0000000000005aee                timera0
 .text.rtimer_arch_schedule
                0x0000000000005b5e        0x6 contiki-sky.a(rtimer-arch.o)
                0x0000000000005b5e                rtimer_arch_schedule
 .text.autostart_start
                0x0000000000005b64       0x16 contiki-sky.a(autostart.o)
                0x0000000000005b64                autostart_start
 .text.process_thread_ctimer_process
                0x0000000000005b7a       0xa4 contiki-sky.a(ctimer.o)
 .text.ctimer_init
                0x0000000000005c1e       0x18 contiki-sky.a(ctimer.o)
                0x0000000000005c1e                ctimer_init
 .text.ctimer_set
                0x0000000000005c36       0x50 contiki-sky.a(ctimer.o)
                0x0000000000005c36                ctimer_set
 .text.ctimer_reset
                0x0000000000005c86       0x30 contiki-sky.a(ctimer.o)
                0x0000000000005c86                ctimer_reset
 .text.ctimer_stop
                0x0000000000005cb6       0x28 contiki-sky.a(ctimer.o)
                0x0000000000005cb6                ctimer_stop
 .text.energest_init
                0x0000000000005cde       0x28 contiki-sky.a(energest.o)
                0x0000000000005cde                energest_init
 .text.energest_type_time
                0x0000000000005d06       0x46 contiki-sky.a(energest.o)
                0x0000000000005d06                energest_type_time
 .text.energest_type_set
                0x0000000000005d4c        0xe contiki-sky.a(energest.o)
                0x0000000000005d4c                energest_type_set
 .text.energest_flush
                0x0000000000005d5a       0x48 contiki-sky.a(energest.o)
                0x0000000000005d5a                energest_flush
 .text.update_time
                0x0000000000005da2       0x78 contiki-sky.a(etimer.o)
 .text.etimer_request_poll
                0x0000000000005e1a        0xa contiki-sky.a(etimer.o)
                0x0000000000005e1a                etimer_request_poll
 .text.process_thread_etimer_process
                0x0000000000005e24       0xc8 contiki-sky.a(etimer.o)
 .text.add_timer
                0x0000000000005eec       0x40 contiki-sky.a(etimer.o)
 .text.etimer_set
                0x0000000000005f2c       0x12 contiki-sky.a(etimer.o)
                0x0000000000005f2c                etimer_set
 .text.etimer_reset
                0x0000000000005f3e       0x12 contiki-sky.a(etimer.o)
                0x0000000000005f3e                etimer_reset
 .text.etimer_expired
                0x0000000000005f50        0xe contiki-sky.a(etimer.o)
                0x0000000000005f50                etimer_expired
 .text.etimer_pending
                0x0000000000005f5e        0xc contiki-sky.a(etimer.o)
                0x0000000000005f5e                etimer_pending
 .text.etimer_next_expiration_time
                0x0000000000005f6a       0x16 contiki-sky.a(etimer.o)
                0x0000000000005f6a                etimer_next_expiration_time
 .text.etimer_stop
                0x0000000000005f80       0x3c contiki-sky.a(etimer.o)
                0x0000000000005f80                etimer_stop
 .text.call_process
                0x0000000000005fbc       0x4a contiki-sky.a(process.o)
 .text.exit_process
                0x0000000000006006       0x96 contiki-sky.a(process.o)
 .text.do_poll  0x000000000000609c       0x30 contiki-sky.a(process.o)
 .text.process_alloc_event
                0x00000000000060cc        0xe contiki-sky.a(process.o)
                0x00000000000060cc                process_alloc_event
 .text.process_init
                0x00000000000060da       0x1c contiki-sky.a(process.o)
                0x00000000000060da                process_init
 .text.process_run
                0x00000000000060f6       0xa2 contiki-sky.a(process.o)
                0x00000000000060f6                process_run
 .text.process_nevents
                0x0000000000006198        0xe contiki-sky.a(process.o)
                0x0000000000006198                process_nevents
 .text.process_post
                0x00000000000061a6       0x54 contiki-sky.a(process.o)
                0x00000000000061a6                process_post
 .text.process_post_synch
                0x00000000000061fa       0x12 contiki-sky.a(process.o)
                0x00000000000061fa                process_post_synch
 .text.process_start
                0x000000000000620c       0x32 contiki-sky.a(process.o)
                0x000000000000620c                process_start
 .text.process_poll
                0x000000000000623e       0x18 contiki-sky.a(process.o)
                0x000000000000623e                process_poll
 .text.rtimer_init
                0x0000000000006256        0x6 contiki-sky.a(rtimer.o)
                0x0000000000006256                rtimer_init
 .text.rtimer_set
                0x000000000000625c       0x24 contiki-sky.a(rtimer.o)
                0x000000000000625c                rtimer_set
 .text.rtimer_run_next
                0x0000000000006280       0x26 contiki-sky.a(rtimer.o)
                0x0000000000006280                rtimer_run_next
 .text.timer_set
                0x00000000000062a6       0x1c contiki-sky.a(timer.o)
                0x00000000000062a6                timer_set
 .text.timer_reset
                0x00000000000062c2        0xe contiki-sky.a(timer.o)
                0x00000000000062c2                timer_reset
 .text.timer_expired
                0x00000000000062d0       0x2a contiki-sky.a(timer.o)
                0x00000000000062d0                timer_expired
 .text.process_thread_serial_line_process
                0x00000000000062fa       0x9c contiki-sky.a(serial-line.o)
 .text.serial_line_input_byte
                0x0000000000006396       0x4a contiki-sky.a(serial-line.o)
                0x0000000000006396                serial_line_input_byte
 .text.serial_line_init
                0x00000000000063e0       0x1c contiki-sky.a(serial-line.o)
                0x00000000000063e0                serial_line_init
 .text.list_init
                0x00000000000063fc        0x6 contiki-sky.a(list.o)
                0x00000000000063fc                list_init
 .text.list_head
                0x0000000000006402        0x4 contiki-sky.a(list.o)
                0x0000000000006402                list_head
 .text.list_tail
                0x0000000000006406       0x12 contiki-sky.a(list.o)
                0x0000000000006406                list_tail
 .text.list_remove
                0x0000000000006418       0x34 contiki-sky.a(list.o)
                0x0000000000006418                list_remove
 .text.list_push
                0x000000000000644c       0x1a contiki-sky.a(list.o)
                0x000000000000644c                list_push
 .text.list_add
                0x0000000000006466       0x2a contiki-sky.a(list.o)
                0x0000000000006466                list_add
 .text.list_length
                0x0000000000006490       0x10 contiki-sky.a(list.o)
                0x0000000000006490                list_length
 .text.list_item_next
                0x00000000000064a0        0xc contiki-sky.a(list.o)
                0x00000000000064a0                list_item_next
 .text.random_init
                0x00000000000064ac        0x6 contiki-sky.a(random.o)
                0x00000000000064ac                random_init
 .text.random_rand
                0x00000000000064b2        0x6 contiki-sky.a(random.o)
                0x00000000000064b2                random_rand
 .text.ringbuf_init
                0x00000000000064b8       0x14 contiki-sky.a(ringbuf.o)
                0x00000000000064b8                ringbuf_init
 .text.ringbuf_put
                0x00000000000064cc       0x38 contiki-sky.a(ringbuf.o)
                0x00000000000064cc                ringbuf_put
 .text.ringbuf_get
                0x0000000000006504       0x32 contiki-sky.a(ringbuf.o)
                0x0000000000006504                ringbuf_get
 .text.input    0x0000000000006536       0x3a contiki-sky.a(rime.o)
 .text.init     0x0000000000006570       0x2e contiki-sky.a(rime.o)
 .text.packet_sent
                0x000000000000659e       0x44 contiki-sky.a(rime.o)
 .text.rime_output
                0x00000000000065e2       0x24 contiki-sky.a(rime.o)
                0x00000000000065e2                rime_output
 .text.adv_packet_sent
                0x0000000000006606        0x2 contiki-sky.a(broadcast-annou)
 .text.adv_packet_received
                0x0000000000006608       0x66 contiki-sky.a(broadcast-annou)
 .text.set_timers
                0x000000000000666e       0x4a contiki-sky.a(broadcast-annou)
 .text.send_timer
                0x00000000000066b8       0x36 contiki-sky.a(broadcast-annou)
 .text.new_announcement
                0x00000000000066ee       0x18 contiki-sky.a(broadcast-annou)
 .text.send_adv
                0x0000000000006706       0x66 contiki-sky.a(broadcast-annou)
 .text.broadcast_announcement_init
                0x000000000000676c       0x48 contiki-sky.a(broadcast-annou)
                0x000000000000676c                broadcast_announcement_init
 .text.sent_by_abc
                0x00000000000067b4       0x10 contiki-sky.a(broadcast.o)
 .text.recv_from_abc
                0x00000000000067c4       0x26 contiki-sky.a(broadcast.o)
 .text.broadcast_open
                0x00000000000067ea       0x2a contiki-sky.a(broadcast.o)
                0x00000000000067ea                broadcast_open
 .text.broadcast_send
                0x0000000000006814       0x1a contiki-sky.a(broadcast.o)
                0x0000000000006814                broadcast_send
 .text.chameleon_init
                0x000000000000682e        0x6 contiki-sky.a(chameleon.o)
                0x000000000000682e                chameleon_init
 .text.chameleon_parse
                0x0000000000006834       0x10 contiki-sky.a(chameleon.o)
                0x0000000000006834                chameleon_parse
 .text.chameleon_create
                0x0000000000006844       0x1c contiki-sky.a(chameleon.o)
                0x0000000000006844                chameleon_create
 .text.chameleon_hdrsize
                0x0000000000006860        0x6 contiki-sky.a(chameleon.o)
                0x0000000000006860                chameleon_hdrsize
 .text.channel_init
                0x0000000000006866        0xa contiki-sky.a(channel.o)
                0x0000000000006866                channel_init
 .text.channel_open
                0x0000000000006870       0x10 contiki-sky.a(channel.o)
                0x0000000000006870                channel_open
 .text.channel_lookup
                0x0000000000006880       0x20 contiki-sky.a(channel.o)
                0x0000000000006880                channel_lookup
 .text.channel_set_attributes
                0x00000000000068a0       0x24 contiki-sky.a(channel.o)
                0x00000000000068a0                channel_set_attributes
 .text.send_packet
                0x00000000000068c4       0x3a contiki-sky.a(collect.o)
 .text.enqueue_dummy_packet
                0x00000000000068fe       0x88 contiki-sky.a(collect.o)
 .text.send_ack
                0x0000000000006986       0x78 contiki-sky.a(collect.o)
 .text.send_queued_packet
                0x00000000000069fe       0xc8 contiki-sky.a(collect.o)
 .text.send_next_packet
                0x0000000000006ac6       0x2c contiki-sky.a(collect.o)
 .text.update_rtmetric
                0x0000000000006af2       0xf8 contiki-sky.a(collect.o)
 .text.received_announcement
                0x0000000000006bea       0x9c contiki-sky.a(collect.o)
 .text.set_keepalive_timer
                0x0000000000006c86       0x5e contiki-sky.a(collect.o)
 .text.timedout
                0x0000000000006ce4       0x38 contiki-sky.a(collect.o)
 .text.retransmit_callback
                0x0000000000006d1c       0xcc contiki-sky.a(collect.o)
 .text.retransmit_not_sent_callback
                0x0000000000006de8        0xc contiki-sky.a(collect.o)
 .text.node_packet_sent
                0x0000000000006df4       0x58 contiki-sky.a(collect.o)
 .text.send_keepalive
                0x0000000000006e4c       0x32 contiki-sky.a(collect.o)
 .text.add_packet_to_recent_packets.part.6
                0x0000000000006e7e       0x4c contiki-sky.a(collect.o)
 .text.node_packet_received
                0x0000000000006eca      0x2f8 contiki-sky.a(collect.o)
 .text.proactive_probing_callback
                0x00000000000071c2       0xe8 contiki-sky.a(collect.o)
 .text.collect_open
                0x00000000000072aa       0xec contiki-sky.a(collect.o)
                0x00000000000072aa                collect_open
 .text.collect_set_sink
                0x0000000000007396       0x68 contiki-sky.a(collect.o)
                0x0000000000007396                collect_set_sink
 .text.collect_send
                0x00000000000073fe       0xe8 contiki-sky.a(collect.o)
                0x00000000000073fe                collect_send
 .text.collect_parent
                0x00000000000074e6        0x6 contiki-sky.a(collect.o)
                0x00000000000074e6                collect_parent
 .text.sent_by_broadcast
                0x00000000000074ec       0x10 contiki-sky.a(unicast.o)
 .text.recv_from_broadcast
                0x00000000000074fc       0x2e contiki-sky.a(unicast.o)
 .text.unicast_open
                0x000000000000752a       0x2a contiki-sky.a(unicast.o)
                0x000000000000752a                unicast_open
 .text.unicast_send
                0x0000000000007554       0x16 contiki-sky.a(unicast.o)
                0x0000000000007554                unicast_send
 .text.abc_open
                0x000000000000756a       0x26 contiki-sky.a(abc.o)
                0x000000000000756a                abc_open
 .text.abc_send
                0x0000000000007590        0x6 contiki-sky.a(abc.o)
                0x0000000000007590                abc_send
 .text.abc_input
                0x0000000000007596        0xe contiki-sky.a(abc.o)
                0x0000000000007596                abc_input
 .text.abc_sent
                0x00000000000075a4       0x10 contiki-sky.a(abc.o)
                0x00000000000075a4                abc_sent
 .text.collect_link_estimate_new
                0x00000000000075b4       0x12 contiki-sky.a(collect-link-es)
                0x00000000000075b4                collect_link_estimate_new
 .text.collect_link_estimate_update_tx
                0x00000000000075c6       0x9e contiki-sky.a(collect-link-es)
                0x00000000000075c6                collect_link_estimate_update_tx
 .text.collect_link_estimate_update_tx_fail
                0x0000000000007664        0xc contiki-sky.a(collect-link-es)
                0x0000000000007664                collect_link_estimate_update_tx_fail
 .text.collect_link_estimate
                0x0000000000007670       0x18 contiki-sky.a(collect-link-es)
                0x0000000000007670                collect_link_estimate
 .text.collect_link_estimate_num_estimates
                0x0000000000007688        0xe contiki-sky.a(collect-link-es)
                0x0000000000007688                collect_link_estimate_num_estimates
 .text.announcement_init
                0x0000000000007696        0xa contiki-sky.a(announcement.o)
                0x0000000000007696                announcement_init
 .text.announcement_register
                0x00000000000076a0       0x3e contiki-sky.a(announcement.o)
                0x00000000000076a0                announcement_register
 .text.announcement_set_value
                0x00000000000076de       0x28 contiki-sky.a(announcement.o)
                0x00000000000076de                announcement_set_value
 .text.announcement_bump
                0x0000000000007706       0x22 contiki-sky.a(announcement.o)
                0x0000000000007706                announcement_bump
 .text.announcement_register_observer_callback
                0x0000000000007728        0x6 contiki-sky.a(announcement.o)
                0x0000000000007728                announcement_register_observer_callback
 .text.announcement_list
                0x000000000000772e        0xa contiki-sky.a(announcement.o)
                0x000000000000772e                announcement_list
 .text.announcement_heard
                0x0000000000007738       0x42 contiki-sky.a(announcement.o)
                0x0000000000007738                announcement_heard
 .text.periodic
                0x000000000000777a       0x8e contiki-sky.a(collect-neighbo)
 .text.collect_neighbor_init
                0x0000000000007808       0x14 contiki-sky.a(collect-neighbo)
                0x0000000000007808                collect_neighbor_init
 .text.collect_neighbor_list_new
                0x000000000000781c       0x32 contiki-sky.a(collect-neighbo)
                0x000000000000781c                collect_neighbor_list_new
 .text.collect_neighbor_list_find
                0x000000000000784e       0x3a contiki-sky.a(collect-neighbo)
                0x000000000000784e                collect_neighbor_list_find
 .text.collect_neighbor_list_add
                0x0000000000007888       0xaa contiki-sky.a(collect-neighbo)
                0x0000000000007888                collect_neighbor_list_add
 .text.collect_neighbor_list
                0x0000000000007932        0xe contiki-sky.a(collect-neighbo)
                0x0000000000007932                collect_neighbor_list
 .text.collect_neighbor_update_rtmetric
                0x0000000000007940        0xe contiki-sky.a(collect-neighbo)
                0x0000000000007940                collect_neighbor_update_rtmetric
 .text.collect_neighbor_tx_fail
                0x000000000000794e       0x1e contiki-sky.a(collect-neighbo)
                0x000000000000794e                collect_neighbor_tx_fail
 .text.collect_neighbor_tx
                0x000000000000796c       0x1e contiki-sky.a(collect-neighbo)
                0x000000000000796c                collect_neighbor_tx
 .text.collect_neighbor_rtmetric_link_estimate
                0x000000000000798a       0x1c contiki-sky.a(collect-neighbo)
                0x000000000000798a                collect_neighbor_rtmetric_link_estimate
 .text.collect_neighbor_list_best
                0x00000000000079a6       0x4a contiki-sky.a(collect-neighbo)
                0x00000000000079a6                collect_neighbor_list_best
 .text.collect_neighbor_rtmetric
                0x00000000000079f0        0xe contiki-sky.a(collect-neighbo)
                0x00000000000079f0                collect_neighbor_rtmetric
 .text.collect_neighbor_set_congested
                0x00000000000079fe       0x14 contiki-sky.a(collect-neighbo)
                0x00000000000079fe                collect_neighbor_set_congested
 .text.input_packet
                0x0000000000007a12        0x6 contiki-sky.a(csma.o)
 .text.on       0x0000000000007a18        0x6 contiki-sky.a(csma.o)
 .text.off      0x0000000000007a1e        0x6 contiki-sky.a(csma.o)
 .text.channel_check_interval
                0x0000000000007a24       0x10 contiki-sky.a(csma.o)
 .text.transmit_packet_list
                0x0000000000007a34       0x24 contiki-sky.a(csma.o)
 .text.send_packet
                0x0000000000007a58      0x184 contiki-sky.a(csma.o)
 .text.init     0x0000000000007bdc       0x1a contiki-sky.a(csma.o)
 .text.free_packet
                0x0000000000007bf6       0x98 contiki-sky.a(csma.o)
 .text.packet_sent
                0x0000000000007c8e      0x12e contiki-sky.a(csma.o)
 .text.mac_call_sent_callback
                0x0000000000007dbc       0x14 contiki-sky.a(mac.o)
                0x0000000000007dbc                mac_call_sent_callback
 .text.queuebuf_init
                0x0000000000007dd0       0x12 contiki-sky.a(queuebuf.o)
                0x0000000000007dd0                queuebuf_init
 .text.queuebuf_new_from_packetbuf
                0x0000000000007de2       0x52 contiki-sky.a(queuebuf.o)
                0x0000000000007de2                queuebuf_new_from_packetbuf
 .text.queuebuf_update_attr_from_packetbuf
                0x0000000000007e34       0x12 contiki-sky.a(queuebuf.o)
                0x0000000000007e34                queuebuf_update_attr_from_packetbuf
 .text.queuebuf_update_from_packetbuf
                0x0000000000007e46       0x22 contiki-sky.a(queuebuf.o)
                0x0000000000007e46                queuebuf_update_from_packetbuf
 .text.queuebuf_free
                0x0000000000007e68       0x2a contiki-sky.a(queuebuf.o)
                0x0000000000007e68                queuebuf_free
 .text.queuebuf_to_packetbuf
                0x0000000000007e92       0x32 contiki-sky.a(queuebuf.o)
                0x0000000000007e92                queuebuf_to_packetbuf
 .text.queuebuf_attr
                0x0000000000007ec4        0xe contiki-sky.a(queuebuf.o)
                0x0000000000007ec4                queuebuf_attr
 .text.packetbuf_compact
                0x0000000000007ed2       0x2e contiki-sky.a(packetbuf.o)
                0x0000000000007ed2                packetbuf_compact
 .text.packetbuf_copyto
                0x0000000000007f00       0x52 contiki-sky.a(packetbuf.o)
                0x0000000000007f00                packetbuf_copyto
 .text.packetbuf_hdrreduce
                0x0000000000007f52       0x1a contiki-sky.a(packetbuf.o)
                0x0000000000007f52                packetbuf_hdrreduce
 .text.packetbuf_set_datalen
                0x0000000000007f6c        0x6 contiki-sky.a(packetbuf.o)
                0x0000000000007f6c                packetbuf_set_datalen
 .text.packetbuf_dataptr
                0x0000000000007f72        0xe contiki-sky.a(packetbuf.o)
                0x0000000000007f72                packetbuf_dataptr
 .text.packetbuf_hdrptr
                0x0000000000007f80        0xa contiki-sky.a(packetbuf.o)
                0x0000000000007f80                packetbuf_hdrptr
 .text.packetbuf_datalen
                0x0000000000007f8a        0x6 contiki-sky.a(packetbuf.o)
                0x0000000000007f8a                packetbuf_datalen
 .text.packetbuf_hdrlen
                0x0000000000007f90       0x10 contiki-sky.a(packetbuf.o)
                0x0000000000007f90                packetbuf_hdrlen
 .text.packetbuf_totlen
                0x0000000000007fa0        0xc contiki-sky.a(packetbuf.o)
                0x0000000000007fa0                packetbuf_totlen
 .text.packetbuf_hdralloc
                0x0000000000007fac       0x2e contiki-sky.a(packetbuf.o)
                0x0000000000007fac                packetbuf_hdralloc
 .text.packetbuf_attr_clear
                0x0000000000007fda       0x2c contiki-sky.a(packetbuf.o)
                0x0000000000007fda                packetbuf_attr_clear
 .text.packetbuf_clear
                0x0000000000008006       0x1a contiki-sky.a(packetbuf.o)
                0x0000000000008006                packetbuf_clear
 .text.packetbuf_copyfrom
                0x0000000000008020       0x2e contiki-sky.a(packetbuf.o)
                0x0000000000008020                packetbuf_copyfrom
 .text.packetbuf_attr_copyto
                0x000000000000804e       0x20 contiki-sky.a(packetbuf.o)
                0x000000000000804e                packetbuf_attr_copyto
 .text.packetbuf_attr_copyfrom
                0x000000000000806e       0x22 contiki-sky.a(packetbuf.o)
                0x000000000000806e                packetbuf_attr_copyfrom
 .text.packetbuf_holds_broadcast
                0x0000000000008090        0xe contiki-sky.a(packetbuf.o)
                0x0000000000008090                packetbuf_holds_broadcast
 .text.linkaddr_copy
                0x000000000000809e        0xc contiki-sky.a(linkaddr.o)
                0x000000000000809e                linkaddr_copy
 .text.linkaddr_cmp
                0x00000000000080aa       0x12 contiki-sky.a(linkaddr.o)
                0x00000000000080aa                linkaddr_cmp
 .text.linkaddr_set_node_addr
                0x00000000000080bc        0xc contiki-sky.a(linkaddr.o)
                0x00000000000080bc                linkaddr_set_node_addr
 .text.duty_cycle
                0x00000000000080c8        0x6 contiki-sky.a(contikimac.o)
 .text.init     0x00000000000080ce       0x2a contiki-sky.a(contikimac.o)
 .text.on       0x00000000000080f8       0x1a contiki-sky.a(contikimac.o)
 .text.off      0x0000000000008112       0x22 contiki-sky.a(contikimac.o)
 .text.recv_burst_off
                0x0000000000008134        0xa contiki-sky.a(contikimac.o)
 .text.turn_off
                0x000000000000813e       0x20 contiki-sky.a(contikimac.o)
 .text.turn_on  0x000000000000815e       0x30 contiki-sky.a(contikimac.o)
 .text.schedule_powercycle_fixed.part.4
                0x000000000000818e       0x36 contiki-sky.a(contikimac.o)
 .text.powercycle_turn_radio_off
                0x00000000000081c4       0x30 contiki-sky.a(contikimac.o)
 .text.powercycle
                0x00000000000081f4      0x1d2 contiki-sky.a(contikimac.o)
 .text.input_packet
                0x00000000000083c6       0xb2 contiki-sky.a(contikimac.o)
 .text.send_packet.isra.7
                0x0000000000008478      0x1ec contiki-sky.a(contikimac.o)
 .text.qsend_list
                0x0000000000008664       0xc4 contiki-sky.a(contikimac.o)
 .text.qsend_packet
                0x0000000000008728       0x28 contiki-sky.a(contikimac.o)
 .text.hdr_length
                0x0000000000008750        0x8 contiki-sky.a(contikimac-fram)
 .text.parse    0x0000000000008758       0x3e contiki-sky.a(contikimac-fram)
 .text.create   0x0000000000008796       0x2a contiki-sky.a(contikimac-fram)
 .text.create_and_secure
                0x00000000000087c0       0x6a contiki-sky.a(contikimac-fram)
 .text.bootstrap
                0x000000000000882a        0x4 contiki-sky.a(nullsec.o)
 .text.send     0x000000000000882e        0xa contiki-sky.a(nullsec.o)
 .text.on_frame_created
                0x0000000000008838        0x4 contiki-sky.a(nullsec.o)
 .text.input    0x000000000000883c        0x6 contiki-sky.a(nullsec.o)
 .text.get_overhead
                0x0000000000008842        0x4 contiki-sky.a(nullsec.o)
 .text.spi_init
                0x0000000000008846       0x32 contiki-sky.a(spi.o)
                0x0000000000008846                spi_init
 .text.compower_accumulate
                0x0000000000008878       0x72 contiki-sky.a(compower.o)
                0x0000000000008878                compower_accumulate
 .text.compower_clear
                0x00000000000088ea       0x12 contiki-sky.a(compower.o)
                0x00000000000088ea                compower_clear
 .text.compower_attrconv
                0x00000000000088fc       0x10 contiki-sky.a(compower.o)
                0x00000000000088fc                compower_attrconv
 .text.memb_init
                0x000000000000890c       0x36 contiki-sky.a(memb.o)
                0x000000000000890c                memb_init
 .text.memb_alloc
                0x0000000000008942       0x3e contiki-sky.a(memb.o)
                0x0000000000008942                memb_alloc
 .text.memb_free
                0x0000000000008980       0x3a contiki-sky.a(memb.o)
                0x0000000000008980                memb_free
 .text.memb_inmemb
                0x00000000000089ba       0x2e contiki-sky.a(memb.o)
                0x00000000000089ba                memb_inmemb
 .text.header_size
                0x00000000000089e8       0x16 contiki-sky.a(chameleon-bitop)
 .text.get_bits_in_byte
                0x00000000000089fe       0x3a contiki-sky.a(chameleon-bitop)
                0x00000000000089fe                get_bits_in_byte
 .text.get_bits
                0x0000000000008a38       0xa4 contiki-sky.a(chameleon-bitop)
                0x0000000000008a38                get_bits
 .text.unpack_header
                0x0000000000008adc       0xd6 contiki-sky.a(chameleon-bitop)
 .text.set_bits_in_byte
                0x0000000000008bb2       0x2c contiki-sky.a(chameleon-bitop)
                0x0000000000008bb2                set_bits_in_byte
 .text.set_bits
                0x0000000000008bde       0xd2 contiki-sky.a(chameleon-bitop)
                0x0000000000008bde                set_bits
 .text.pack_header
                0x0000000000008cb0       0xbc contiki-sky.a(chameleon-bitop)
 .text.remove_queued_packet
                0x0000000000008d6c       0x36 contiki-sky.a(packetqueue.o)
 .text.packetqueue_enqueue_packetbuf
                0x0000000000008da2       0x7a contiki-sky.a(packetqueue.o)
                0x0000000000008da2                packetqueue_enqueue_packetbuf
 .text.packetqueue_first
                0x0000000000008e1c        0xa contiki-sky.a(packetqueue.o)
                0x0000000000008e1c                packetqueue_first
 .text.packetqueue_dequeue
                0x0000000000008e26       0x40 contiki-sky.a(packetqueue.o)
                0x0000000000008e26                packetqueue_dequeue
 .text.packetqueue_len
                0x0000000000008e66        0xa contiki-sky.a(packetqueue.o)
                0x0000000000008e66                packetqueue_len
 .text.packetqueue_queuebuf
                0x0000000000008e70        0xe contiki-sky.a(packetqueue.o)
                0x0000000000008e70                packetqueue_queuebuf
 .text.mac_sequence_is_duplicate
                0x0000000000008e7e       0x3c contiki-sky.a(mac-sequence.o)
                0x0000000000008e7e                mac_sequence_is_duplicate
 .text.mac_sequence_register_seqno
                0x0000000000008eba       0x64 contiki-sky.a(mac-sequence.o)
                0x0000000000008eba                mac_sequence_register_seqno
 .text.parse    0x0000000000008f1e       0x9e contiki-sky.a(framer-802154.o)
 .text.create_frame.isra.0
                0x0000000000008fbc      0x104 contiki-sky.a(framer-802154.o)
 .text.create   0x00000000000090c0        0x8 contiki-sky.a(framer-802154.o)
 .text.hdr_length
                0x00000000000090c8        0x8 contiki-sky.a(framer-802154.o)
 .text.field_len
                0x00000000000090d0       0x98 contiki-sky.a(frame802154.o)
 .text.frame802154_hdrlen
                0x0000000000009168       0x2e contiki-sky.a(frame802154.o)
                0x0000000000009168                frame802154_hdrlen
 .text.frame802154_create
                0x0000000000009196      0x146 contiki-sky.a(frame802154.o)
                0x0000000000009196                frame802154_create
 .text.frame802154_parse
                0x00000000000092dc      0x1da contiki-sky.a(frame802154.o)
                0x00000000000092dc                frame802154_parse
 .text.framer_canonical_create_and_secure
                0x00000000000094b6       0x20 contiki-sky.a(framer.o)
                0x00000000000094b6                framer_canonical_create_and_secure
 .text.libgcc   0x00000000000094d6       0x2c /usr/lib/gcc/msp430/4.6.3/mmpy-16/libgcc.a(_mulsi3.o)
                0x00000000000094d6                __mulsi3
 .text.libgcc   0x0000000000009502       0x22 /usr/lib/gcc/msp430/4.6.3/mmpy-16/libgcc.a(_udivmod16.o)
                0x0000000000009502                __udivhi3
                0x0000000000009502                __ext_udivmod16
                0x000000000000951c                __umodhi3
 .text.libgcc   0x0000000000009524       0x40 /usr/lib/gcc/msp430/4.6.3/mmpy-16/libgcc.a(_udivmod32.o)
                0x0000000000009524                __udivsi3
                0x0000000000009524                __ext_udivmod32
                0x000000000000955a                __umodsi3
 .text          0x0000000000009564       0x20 /usr/lib/gcc/msp430/4.6.3/../../../../msp430/lib/mmpy-16/libc.a(memcmp.o)
                0x0000000000009564                memcmp
 .text          0x0000000000009584       0x14 /usr/lib/gcc/msp430/4.6.3/../../../../msp430/lib/mmpy-16/libc.a(strcpy.o)
                0x0000000000009584                strcpy
 .text          0x0000000000009598       0xfa /usr/lib/gcc/msp430/4.6.3/../../../../msp430/lib/mmpy-16/libc.a(memcpy.o)
                0x0000000000009598                memcpy
 .text          0x0000000000009692       0x6a /usr/lib/gcc/msp430/4.6.3/../../../../msp430/lib/mmpy-16/libc.a(memset.o)
                0x0000000000009692                memset
 .text          0x00000000000096fc       0x1e /usr/lib/gcc/msp430/4.6.3/../../../../msp430/lib/mmpy-16/libc.a(printf.o)
                0x00000000000096fc                printf
                0x000000000000970c                vprintf
 .text          0x000000000000971a      0x836 /usr/lib/gcc/msp430/4.6.3/../../../../msp430/lib/mmpy-16/libc.a(vuprintf.o)
                0x00000000000098b2                vuprintf
 .text          0x0000000000009f50       0x2c /usr/lib/gcc/msp430/4.6.3/../../../../msp430/lib/mmpy-16/libc.a(puts.o)
                0x0000000000009f50                puts
 .text          0x0000000000009f7c       0x54 /usr/lib/gcc/msp430/4.6.3/../../../../msp430/lib/mmpy-16/libc.a(rand.o)
                0x0000000000009f7c                rand_r
                0x0000000000009fa0                rand
                0x0000000000009fc6                srand
 .text.libgcc   0x0000000000009fd0       0xf0 /usr/lib/gcc/msp430/4.6.3/mmpy-16/libgcc.a(_udivmod64.o)
                0x0000000000009fd0                __xabi_udivmod64
                0x000000000000a02e                __udivdi3
                0x000000000000a054                __umoddi3
                0x000000000000a082                __udivmoddi4
 .text.crt0     0x000000000000a0c0        0x2 /usr/lib/gcc/msp430/4.6.3/mmpy-16/libcrt0.a(_unexpected_.o)
                0x000000000000a0c0                _unexpected_
                0x000000000000a0c2                . = ALIGN (0x2)

.rodata         0x000000000000a0c2      0x2c2
                0x000000000000a0c2                . = ALIGN (0x2)
 *(.rodata .rodata.* .gnu.linkonce.r.*)
 .rodata        0x000000000000a0c2       0xa2 example-collect.co
                0x000000000000a148                autostart_processes
 .rodata        0x000000000000a164       0xd7 obj_sky/contiki-sky-main.o
 *fill*         0x000000000000a23b        0x1 00
 .rodata        0x000000000000a23c       0x10 contiki-sky.a(button-sensor.o)
                0x000000000000a244                button_sensor
 .rodata        0x000000000000a24c        0x8 contiki-sky.a(sensors.o)
 .rodata        0x000000000000a254       0x5a contiki-sky.a(cc2420.o)
                0x000000000000a270                cc2420_aes_128_driver
                0x000000000000a274                cc2420_driver
 .rodata        0x000000000000a2ae        0xf contiki-sky.a(ctimer.o)
 .rodata        0x000000000000a2bd        0xc contiki-sky.a(etimer.o)
 .rodata        0x000000000000a2c9        0xe contiki-sky.a(serial-line.o)
 *fill*         0x000000000000a2d7        0x1 00
 .rodata        0x000000000000a2d8        0xc contiki-sky.a(rime.o)
                0x000000000000a2de                rime_driver
 .rodata        0x000000000000a2e4        0x4 contiki-sky.a(broadcast-annou)
 .rodata        0x000000000000a2e8        0x8 contiki-sky.a(broadcast.o)
 .rodata        0x000000000000a2f0       0x18 contiki-sky.a(collect.o)
 .rodata        0x000000000000a308        0xa contiki-sky.a(unicast.o)
 .rodata        0x000000000000a312        0x2 contiki-sky.a(abc.o)
 .rodata        0x000000000000a314       0x14 contiki-sky.a(csma.o)
                0x000000000000a31a                csma_driver
 .rodata        0x000000000000a328        0x2 contiki-sky.a(linkaddr.o)
                0x000000000000a328                linkaddr_null
 .rodata        0x000000000000a32a       0x1c contiki-sky.a(contikimac.o)
                0x000000000000a336                contikimac_driver
 .rodata        0x000000000000a346        0x8 contiki-sky.a(contikimac-fram)
                0x000000000000a346                contikimac_framer
 .rodata        0x000000000000a34e       0x14 contiki-sky.a(nullsec.o)
                0x000000000000a356                nullsec_driver
 .rodata        0x000000000000a362       0x10 contiki-sky.a(chameleon-bitop)
                0x000000000000a362                chameleon_bitopt
 .rodata        0x000000000000a372        0x8 contiki-sky.a(framer-802154.o)
                0x000000000000a372                framer_802154
 .rodata        0x000000000000a37a        0x2 contiki-sky.a(frame802154.o)
 .rodata        0x000000000000a37c        0x7 /usr/lib/gcc/msp430/4.6.3/../../../../msp430/lib/mmpy-16/libc.a(vuprintf.o)
                0x000000000000a384                . = ALIGN (0x2)
 *fill*         0x000000000000a383        0x1 00
                0x000000000000a384                _etext = .

.data           0x0000000000001100       0x7e load address 0x000000000000a384
                0x0000000000001100                . = ALIGN (0x2)
                0x0000000000001100                PROVIDE (__data_start, .)
 *(.data .data.* .gnu.linkonce.d.*)
 .data          0x0000000000001100        0xa example-collect.co
                0x0000000000001100                example_collect_process
 .data          0x000000000000110a        0x4 contiki-sky.a(contiki-sky-pla)
                0x000000000000110a                sensors
 .data          0x000000000000110e        0xa contiki-sky.a(sensors.o)
                0x000000000000110e                sensors_process
 .data          0x0000000000001118        0xa contiki-sky.a(cc2420.o)
                0x0000000000001118                cc2420_process
 .data          0x0000000000001122        0x2 contiki-sky.a(msp430.o)
 .data          0x0000000000001124        0xa contiki-sky.a(ctimer.o)
                0x0000000000001124                ctimer_process
 .data          0x000000000000112e        0xa contiki-sky.a(etimer.o)
                0x000000000000112e                etimer_process
 .data          0x0000000000001138        0xa contiki-sky.a(serial-line.o)
                0x0000000000001138                serial_line_process
 .data          0x0000000000001142        0x8 contiki-sky.a(collect.o)
 .data          0x000000000000114a        0x8 contiki-sky.a(collect-neighbo)
 .data          0x0000000000001152       0x18 contiki-sky.a(csma.o)
 .data          0x000000000000116a       0x10 contiki-sky.a(queuebuf.o)
 .data          0x000000000000117a        0x4 /usr/lib/gcc/msp430/4.6.3/../../../../msp430/lib/mmpy-16/libc.a(rand.o)
                0x000000000000117e                . = ALIGN (0x2)
                0x000000000000117e                _edata = .
                0x000000000000a384                PROVIDE (__data_load_start, LOADADDR (.data))
                0x000000000000007e                PROVIDE (__data_size, SIZEOF (.data))

.bss            0x000000000000117e     0x177e load address 0x000000000000a402
                0x000000000000117e                PROVIDE (__bss_start, .)
 *(.bss .bss.*)
 .bss           0x000000000000117e       0xba example-collect.co
                0x000000000000117e                count
 .bss           0x0000000000001238        0xc obj_sky/contiki-sky-main.o
 .bss           0x0000000000001244        0x8 contiki-sky.a(button-sensor.o)
 .bss           0x000000000000124c        0x2 contiki-sky.a(node-id.o)
                0x000000000000124c                node_id
 .bss           0x000000000000124e        0x6 contiki-sky.a(sensors.o)
 .bss           0x0000000000001254        0x8 contiki-sky.a(cc2420.o)
 .bss           0x000000000000125c       0x9a contiki-sky.a(uart1.o)
 .bss           0x00000000000012f6        0xa contiki-sky.a(clock.o)
 .bss           0x0000000000001300        0x1 contiki-sky.a(leds.o)
 *fill*         0x0000000000001301        0x1 00
 .bss           0x0000000000001302        0x2 contiki-sky.a(watchdog.o)
 .bss           0x0000000000001304        0x4 contiki-sky.a(ctimer.o)
 .bss           0x0000000000001308        0x6 contiki-sky.a(etimer.o)
 .bss           0x000000000000130e       0x42 contiki-sky.a(process.o)
                0x000000000000130e                process_current
                0x0000000000001310                process_list
 .bss           0x0000000000001350        0x2 contiki-sky.a(rtimer.o)
 .bss           0x0000000000001352      0x10a contiki-sky.a(serial-line.o)
 .bss           0x000000000000145c        0x2 contiki-sky.a(rime.o)
 .bss           0x000000000000145e       0x46 contiki-sky.a(broadcast-annou)
 .bss           0x00000000000014a4        0x2 contiki-sky.a(channel.o)
 .bss           0x00000000000014a6      0x1be contiki-sky.a(collect.o)
 .bss           0x0000000000001664        0x6 contiki-sky.a(announcement.o)
 .bss           0x000000000000166a      0x322 contiki-sky.a(collect-neighbo)
 .bss           0x000000000000198c      0x128 contiki-sky.a(csma.o)
 .bss           0x0000000000001ab4      0xc20 contiki-sky.a(queuebuf.o)
 .bss           0x00000000000026d4       0xb8 contiki-sky.a(packetbuf.o)
 .bss           0x000000000000278c       0x32 contiki-sky.a(contikimac.o)
 .bss           0x00000000000027be        0x8 contiki-sky.a(compower.o)
 .bss           0x00000000000027c6       0x40 contiki-sky.a(mac-sequence.o)
 .bss           0x0000000000002806        0x2 contiki-sky.a(framer-802154.o)
 *(COMMON)
 COMMON         0x0000000000002808        0x2 contiki-sky.a(contiki-sky-pla)
                0x0000000000002808                sensors_flags
 COMMON         0x000000000000280a        0x8 contiki-sky.a(ds2411.o)
                0x000000000000280a                ds2411_id
 COMMON         0x0000000000002812        0x1 contiki-sky.a(sensors.o)
                0x0000000000002812                sensors_event
 *fill*         0x0000000000002813        0x1 00
 COMMON         0x0000000000002814       0x10 contiki-sky.a(cc2420.o)
                0x0000000000002814                cc2420_last_rssi
                0x0000000000002816                cc2420_sfd_start_time
                0x0000000000002818                cc2420_time_of_departure
                0x000000000000281a                cc2420_time_of_arrival
                0x000000000000281c                cc2420_last_correlation
                0x000000000000281e                cc2420_authority_level_of_sender
                0x0000000000002820                cc2420_sfd_counter
                0x0000000000002822                cc2420_sfd_end_time
 COMMON         0x0000000000002824        0x2 contiki-sky.a(msp430.o)
                0x0000000000002824                msp430_dco_required
 COMMON         0x0000000000002826       0x56 contiki-sky.a(energest.o)
                0x0000000000002826                energest_total_time
                0x0000000000002856                energest_total_count
                0x0000000000002858                energest_current_mode
                0x0000000000002864                energest_current_time
 COMMON         0x000000000000287c        0x1 contiki-sky.a(process.o)
                0x000000000000287c                process_maxevents
 COMMON         0x000000000000287d        0x1 contiki-sky.a(serial-line.o)
                0x000000000000287d                serial_line_event_message
 COMMON         0x000000000000287e       0x38 contiki-sky.a(collect.o)
                0x000000000000287e                stats
 COMMON         0x00000000000028b6       0x3c contiki-sky.a(packetbuf.o)
                0x00000000000028b6                packetbuf_addrs
                0x00000000000028be                packetbuf_attrs
 COMMON         0x00000000000028f2        0x2 contiki-sky.a(linkaddr.o)
                0x00000000000028f2                linkaddr_node_addr
 COMMON         0x00000000000028f4        0x8 contiki-sky.a(compower.o)
                0x00000000000028f4                compower_idle_activity
                0x00000000000028fc                . = ALIGN (0x2)
                0x00000000000028fc                PROVIDE (__bss_end, .)
                0x000000000000177e                PROVIDE (__bss_size, SIZEOF (.bss))

.noinit         0x00000000000028fc        0x2 load address 0x000000000000a402
                0x00000000000028fc                PROVIDE (__noinit_start, .)
 *(.noinit .noinit.*)
 .noinit.crt0   0x00000000000028fc        0x2 /usr/lib/gcc/msp430/4.6.3/mmpy-16/libcrt0.a(__watchdog_support.o)
                0x00000000000028fc                __wdt_clear_value
                0x00000000000028fe                . = ALIGN (0x2)
                0x00000000000028fe                PROVIDE (__noinit_end, .)
                0x00000000000028fe                . = ALIGN (0x2)
                0x00000000000028fe                _end = .

.infomem        0x0000000000001000        0x0
 *(.infomem)
                0x0000000000001000                . = ALIGN (0x2)
 *(.infomem.*)

.infomemnobits  0x0000000000001000        0x0
 *(.infomemnobits)
                0x0000000000001000                . = ALIGN (0x2)
 *(.infomemnobits.*)

.infoa
 *(.infoa .infoa.*)

.infob
 *(.infob .infob.*)

.infoc
 *(.infoc .infoc.*)

.infod
 *(.infod .infod.*)

.vectors        0x000000000000ffe0       0x20
                0x000000000000ffe0                PROVIDE (__vectors_start, .)
 *(.vectors*)
 .vectors       0x000000000000ffe0       0x20 /usr/lib/gcc/msp430/4.6.3/mmpy-16/crt0ivtbl16.o
                0x000000000000ffe0                __ivtbl_16
                0x0000000000010000                _vectors_end = .

.fartext        0x0000000000000000        0x0
                0x0000000000000000                . = ALIGN (0x2)
 *(.fartext)
                0x0000000000000000                . = ALIGN (0x2)
 *(.fartext.*)
                0x0000000000000000                _efartext = .

.profiler
 *(.profiler)

.stab           0x0000000000000000    0x1dbc8
 *(.stab)
 .stab          0x0000000000000000     0x1404 example-collect.co
 .stab          0x0000000000001404     0x105c obj_sky/contiki-sky-main.o
                                       0x17ac (size before relaxing)
 .stab          0x0000000000002460      0x258 contiki-sky.a(contiki-sky-pla)
                                        0x5b8 (size before relaxing)
 .stab          0x00000000000026b8      0x468 contiki-sky.a(button-sensor.o)
                                        0x7d4 (size before relaxing)
 .stab          0x0000000000002b20      0x624 contiki-sky.a(ds2411.o)
                                        0xb40 (size before relaxing)
 .stab          0x0000000000003144      0xa38 contiki-sky.a(xmem.o)
                                        0xf60 (size before relaxing)
 .stab          0x0000000000003b7c      0x2b8 contiki-sky.a(node-id.o)
                                        0x4e0 (size before relaxing)
 .stab          0x0000000000003e34      0x654 contiki-sky.a(sensors.o)
                                        0xb70 (size before relaxing)
 .stab          0x0000000000004488     0x2310 contiki-sky.a(cc2420.o)
                                       0x2cc4 (size before relaxing)
 .stab          0x0000000000006798      0x9d8 contiki-sky.a(cc2420-arch.o)
                                       0x1404 (size before relaxing)
 .stab          0x0000000000007170      0x60c contiki-sky.a(uart1.o)
                                        0x960 (size before relaxing)
 .stab          0x000000000000777c      0x27c contiki-sky.a(uart1-putchar.o)
                                        0x7bc (size before relaxing)
 .stab          0x00000000000079f8      0x744 contiki-sky.a(msp430.o)
                                        0xa98 (size before relaxing)
 .stab          0x000000000000813c      0x948 contiki-sky.a(clock.o)
                                        0xc9c (size before relaxing)
 .stab          0x0000000000008a84      0x5dc contiki-sky.a(leds.o)
                                        0x828 (size before relaxing)
 .stab          0x0000000000009060      0x3a8 contiki-sky.a(leds-arch.o)
                                        0x6fc (size before relaxing)
 .stab          0x0000000000009408      0x3fc contiki-sky.a(watchdog.o)
                                        0x750 (size before relaxing)
 .stab          0x0000000000009804      0x3cc contiki-sky.a(rtimer-arch.o)
                                        0x720 (size before relaxing)
 .stab          0x0000000000009bd0      0x294 contiki-sky.a(autostart.o)
                                        0x534 (size before relaxing)
 .stab          0x0000000000009e64      0x7a4 contiki-sky.a(ctimer.o)
                                        0xb10 (size before relaxing)
 .stab          0x000000000000a608      0x474 contiki-sky.a(energest.o)
                                        0x6fc (size before relaxing)
 .stab          0x000000000000aa7c      0xa38 contiki-sky.a(etimer.o)
                                        0xd08 (size before relaxing)
 .stab          0x000000000000b4b4      0xb7c contiki-sky.a(process.o)
                                       0x1014 (size before relaxing)
 .stab          0x000000000000c030      0x3d8 contiki-sky.a(rtimer.o)
                                        0x6c0 (size before relaxing)
 .stab          0x000000000000c408      0x354 contiki-sky.a(timer.o)
                                        0x594 (size before relaxing)
 .stab          0x000000000000c75c      0x534 contiki-sky.a(serial-line.o)
                                        0xa50 (size before relaxing)
 .stab          0x000000000000cc90      0x7f8 contiki-sky.a(list.o)
                                        0x804 (size before relaxing)
 .stab          0x000000000000d488      0x24c contiki-sky.a(random.o)
                                        0x624 (size before relaxing)
 .stab          0x000000000000d6d4      0x3fc contiki-sky.a(ringbuf.o)
                                        0x63c (size before relaxing)
 .stab          0x000000000000dad0      0xcd8 contiki-sky.a(rime.o)
                                       0x141c (size before relaxing)
 .stab          0x000000000000e7a8      0x948 contiki-sky.a(broadcast-annou)
                                       0x15c0 (size before relaxing)
 .stab          0x000000000000f0f0      0x6d8 contiki-sky.a(broadcast.o)
                                       0x150c (size before relaxing)
 .stab          0x000000000000f7c8      0x5e8 contiki-sky.a(chameleon.o)
                                       0x123c (size before relaxing)
 .stab          0x000000000000fdb0      0x624 contiki-sky.a(channel.o)
                                       0x129c (size before relaxing)
 .stab          0x00000000000103d4     0x2124 contiki-sky.a(collect.o)
                                       0x2c88 (size before relaxing)
 .stab          0x00000000000124f8      0x624 contiki-sky.a(unicast.o)
                                       0x129c (size before relaxing)
 .stab          0x0000000000012b1c      0x66c contiki-sky.a(abc.o)
                                       0x14a0 (size before relaxing)
 .stab          0x0000000000013188      0x5e8 contiki-sky.a(collect-link-es)
                                       0x1014 (size before relaxing)
 .stab          0x0000000000013770      0x6e4 contiki-sky.a(announcement.o)
                                        0x984 (size before relaxing)
 .stab          0x0000000000013e54      0xffc contiki-sky.a(collect-neighbo)
                                       0x1a64 (size before relaxing)
 .stab          0x0000000000014e50      0xdc8 contiki-sky.a(csma.o)
                                       0x15b4 (size before relaxing)
 .stab          0x0000000000015c18      0x1f8 contiki-sky.a(mac.o)
                                        0x4ec (size before relaxing)
 .stab          0x0000000000015e10      0xa5c contiki-sky.a(queuebuf.o)
                                       0x1890 (size before relaxing)
 .stab          0x000000000001686c      0xda4 contiki-sky.a(packetbuf.o)
                                       0x1bf0 (size before relaxing)
 .stab          0x0000000000017610      0x2c4 contiki-sky.a(linkaddr.o)
                                        0x6c0 (size before relaxing)
 .stab          0x00000000000178d4     0x16ec contiki-sky.a(contikimac.o)
                                       0x22f8 (size before relaxing)
 .stab          0x0000000000018fc0      0x6e4 contiki-sky.a(contikimac-fram)
                                        0xf24 (size before relaxing)
 .stab          0x00000000000196a4      0x6a8 contiki-sky.a(nullsec.o)
                                        0xda4 (size before relaxing)
 .stab          0x0000000000019d4c      0x204 contiki-sky.a(spi.o)
                                        0x42c (size before relaxing)
 .stab          0x0000000000019f50      0x51c contiki-sky.a(compower.o)
                                        0xd20 (size before relaxing)
 .stab          0x000000000001a46c      0x5c4 contiki-sky.a(memb.o)
                                        0xaf8 (size before relaxing)
 .stab          0x000000000001aa30      0xd80 contiki-sky.a(chameleon-bitop)
                                       0x19f8 (size before relaxing)
 .stab          0x000000000001b7b0      0x8ac contiki-sky.a(packetqueue.o)
                                        0xf84 (size before relaxing)
 .stab          0x000000000001c05c      0x600 contiki-sky.a(mac-sequence.o)
                                       0x144c (size before relaxing)
 .stab          0x000000000001c65c      0x930 contiki-sky.a(framer-802154.o)
                                        0xf6c (size before relaxing)
 .stab          0x000000000001cf8c      0x924 contiki-sky.a(frame802154.o)
                                       0x10f8 (size before relaxing)
 .stab          0x000000000001d8b0      0x318 contiki-sky.a(framer.o)
                                        0xc54 (size before relaxing)

.stabstr        0x0000000000000000    0x177db
 *(.stabstr)
 .stabstr       0x0000000000000000    0x177db example-collect.co

.stab.excl
 *(.stab.excl)

.stab.exclstr
 *(.stab.exclstr)

.stab.index
 *(.stab.index)

.stab.indexstr
 *(.stab.indexstr)

.comment
 *(.comment)

.debug
 *(.debug)

.line
 *(.line)

.debug_srcinfo
 *(.debug_srcinfo)

.debug_sfnames
 *(.debug_sfnames)

.debug_aranges  0x0000000000000000      0x17c
 *(.debug_aranges)
 .debug_aranges
                0x0000000000000000       0x14 /usr/lib/gcc/msp430/4.6.3/mmpy-16/libgcc.a(_mulsi3.o)
 .debug_aranges
                0x0000000000000014       0x14 /usr/lib/gcc/msp430/4.6.3/mmpy-16/libgcc.a(_udivmod16.o)
 .debug_aranges
                0x0000000000000028       0x14 /usr/lib/gcc/msp430/4.6.3/mmpy-16/libgcc.a(_udivmod32.o)
 .debug_aranges
                0x000000000000003c       0x14 /usr/lib/gcc/msp430/4.6.3/../../../../msp430/lib/mmpy-16/libc.a(strncmp.o)
 .debug_aranges
                0x0000000000000050       0x14 /usr/lib/gcc/msp430/4.6.3/../../../../msp430/lib/mmpy-16/libc.a(memcmp.o)
 .debug_aranges
                0x0000000000000064       0x14 /usr/lib/gcc/msp430/4.6.3/../../../../msp430/lib/mmpy-16/libc.a(strcpy.o)
 .debug_aranges
                0x0000000000000078       0x14 /usr/lib/gcc/msp430/4.6.3/../../../../msp430/lib/mmpy-16/libc.a(memcpy.o)
 .debug_aranges
                0x000000000000008c       0x14 /usr/lib/gcc/msp430/4.6.3/../../../../msp430/lib/mmpy-16/libc.a(memset.o)
 .debug_aranges
                0x00000000000000a0       0x14 /usr/lib/gcc/msp430/4.6.3/../../../../msp430/lib/mmpy-16/libc.a(printf.o)
 .debug_aranges
                0x00000000000000b4       0x14 /usr/lib/gcc/msp430/4.6.3/../../../../msp430/lib/mmpy-16/libc.a(vuprintf.o)
 .debug_aranges
                0x00000000000000c8       0x14 /usr/lib/gcc/msp430/4.6.3/../../../../msp430/lib/mmpy-16/libc.a(puts.o)
 .debug_aranges
                0x00000000000000dc       0x14 /usr/lib/gcc/msp430/4.6.3/../../../../msp430/lib/mmpy-16/libc.a(rand.o)
 .debug_aranges
                0x00000000000000f0       0x14 /usr/lib/gcc/msp430/4.6.3/mmpy-16/libgcc.a(_udivmod64.o)
 .debug_aranges
                0x0000000000000104       0x14 /usr/lib/gcc/msp430/4.6.3/mmpy-16/libcrt0.a(__watchdog_support.o)
 .debug_aranges
                0x0000000000000118       0x14 /usr/lib/gcc/msp430/4.6.3/mmpy-16/libcrt0.a(__init_stack.o)
 .debug_aranges
                0x000000000000012c       0x14 /usr/lib/gcc/msp430/4.6.3/mmpy-16/libcrt0.a(_copy_data.o)
 .debug_aranges
                0x0000000000000140       0x14 /usr/lib/gcc/msp430/4.6.3/mmpy-16/libcrt0.a(_clear_bss.o)
 .debug_aranges
                0x0000000000000154       0x14 /usr/lib/gcc/msp430/4.6.3/mmpy-16/libcrt0.a(_endless_loop__.o)
 .debug_aranges
                0x0000000000000168       0x14 /usr/lib/gcc/msp430/4.6.3/mmpy-16/libcrt0.a(_unexpected_.o)

.debug_pubnames
 *(.debug_pubnames)

.debug_info     0x0000000000000000     0x152d
 *(.debug_info)
 .debug_info    0x0000000000000000       0xec /usr/lib/gcc/msp430/4.6.3/mmpy-16/libgcc.a(_mulsi3.o)
 .debug_info    0x00000000000000ec       0xec /usr/lib/gcc/msp430/4.6.3/mmpy-16/libgcc.a(_udivmod16.o)
 .debug_info    0x00000000000001d8       0xec /usr/lib/gcc/msp430/4.6.3/mmpy-16/libgcc.a(_udivmod32.o)
 .debug_info    0x00000000000002c4       0xbb /usr/lib/gcc/msp430/4.6.3/../../../../msp430/lib/mmpy-16/libc.a(strncmp.o)
 .debug_info    0x000000000000037f       0xe8 /usr/lib/gcc/msp430/4.6.3/../../../../msp430/lib/mmpy-16/libc.a(memcmp.o)
 .debug_info    0x0000000000000467       0xb6 /usr/lib/gcc/msp430/4.6.3/../../../../msp430/lib/mmpy-16/libc.a(strcpy.o)
 .debug_info    0x000000000000051d      0x113 /usr/lib/gcc/msp430/4.6.3/../../../../msp430/lib/mmpy-16/libc.a(memcpy.o)
 .debug_info    0x0000000000000630       0xfe /usr/lib/gcc/msp430/4.6.3/../../../../msp430/lib/mmpy-16/libc.a(memset.o)
 .debug_info    0x000000000000072e      0x105 /usr/lib/gcc/msp430/4.6.3/../../../../msp430/lib/mmpy-16/libc.a(printf.o)
 .debug_info    0x0000000000000833      0x565 /usr/lib/gcc/msp430/4.6.3/../../../../msp430/lib/mmpy-16/libc.a(vuprintf.o)
 .debug_info    0x0000000000000d98       0x96 /usr/lib/gcc/msp430/4.6.3/../../../../msp430/lib/mmpy-16/libc.a(puts.o)
 .debug_info    0x0000000000000e2e      0x13f /usr/lib/gcc/msp430/4.6.3/../../../../msp430/lib/mmpy-16/libc.a(rand.o)
 .debug_info    0x0000000000000f6d       0xec /usr/lib/gcc/msp430/4.6.3/mmpy-16/libgcc.a(_udivmod64.o)
 .debug_info    0x0000000000001059       0xce /usr/lib/gcc/msp430/4.6.3/mmpy-16/libcrt0.a(__watchdog_support.o)
 .debug_info    0x0000000000001127       0xce /usr/lib/gcc/msp430/4.6.3/mmpy-16/libcrt0.a(__init_stack.o)
 .debug_info    0x00000000000011f5       0xce /usr/lib/gcc/msp430/4.6.3/mmpy-16/libcrt0.a(_copy_data.o)
 .debug_info    0x00000000000012c3       0xce /usr/lib/gcc/msp430/4.6.3/mmpy-16/libcrt0.a(_clear_bss.o)
 .debug_info    0x0000000000001391       0xce /usr/lib/gcc/msp430/4.6.3/mmpy-16/libcrt0.a(_endless_loop__.o)
 .debug_info    0x000000000000145f       0xce /usr/lib/gcc/msp430/4.6.3/mmpy-16/libcrt0.a(_unexpected_.o)
 *(.gnu.linkonce.wi.*)

.debug_abbrev   0x0000000000000000      0x79f
 *(.debug_abbrev)
 .debug_abbrev  0x0000000000000000       0x14 /usr/lib/gcc/msp430/4.6.3/mmpy-16/libgcc.a(_mulsi3.o)
 .debug_abbrev  0x0000000000000014       0x14 /usr/lib/gcc/msp430/4.6.3/mmpy-16/libgcc.a(_udivmod16.o)
 .debug_abbrev  0x0000000000000028       0x14 /usr/lib/gcc/msp430/4.6.3/mmpy-16/libgcc.a(_udivmod32.o)
 .debug_abbrev  0x000000000000003c       0x7c /usr/lib/gcc/msp430/4.6.3/../../../../msp430/lib/mmpy-16/libc.a(strncmp.o)
 .debug_abbrev  0x00000000000000b8       0x9b /usr/lib/gcc/msp430/4.6.3/../../../../msp430/lib/mmpy-16/libc.a(memcmp.o)
 .debug_abbrev  0x0000000000000153       0x7e /usr/lib/gcc/msp430/4.6.3/../../../../msp430/lib/mmpy-16/libc.a(strcpy.o)
 .debug_abbrev  0x00000000000001d1       0x97 /usr/lib/gcc/msp430/4.6.3/../../../../msp430/lib/mmpy-16/libc.a(memcpy.o)
 .debug_abbrev  0x0000000000000268       0x9c /usr/lib/gcc/msp430/4.6.3/../../../../msp430/lib/mmpy-16/libc.a(memset.o)
 .debug_abbrev  0x0000000000000304       0xd0 /usr/lib/gcc/msp430/4.6.3/../../../../msp430/lib/mmpy-16/libc.a(printf.o)
 .debug_abbrev  0x00000000000003d4      0x1ef /usr/lib/gcc/msp430/4.6.3/../../../../msp430/lib/mmpy-16/libc.a(vuprintf.o)
 .debug_abbrev  0x00000000000005c3       0x60 /usr/lib/gcc/msp430/4.6.3/../../../../msp430/lib/mmpy-16/libc.a(puts.o)
 .debug_abbrev  0x0000000000000623       0xf0 /usr/lib/gcc/msp430/4.6.3/../../../../msp430/lib/mmpy-16/libc.a(rand.o)
 .debug_abbrev  0x0000000000000713       0x14 /usr/lib/gcc/msp430/4.6.3/mmpy-16/libgcc.a(_udivmod64.o)
 .debug_abbrev  0x0000000000000727       0x14 /usr/lib/gcc/msp430/4.6.3/mmpy-16/libcrt0.a(__watchdog_support.o)
 .debug_abbrev  0x000000000000073b       0x14 /usr/lib/gcc/msp430/4.6.3/mmpy-16/libcrt0.a(__init_stack.o)
 .debug_abbrev  0x000000000000074f       0x14 /usr/lib/gcc/msp430/4.6.3/mmpy-16/libcrt0.a(_copy_data.o)
 .debug_abbrev  0x0000000000000763       0x14 /usr/lib/gcc/msp430/4.6.3/mmpy-16/libcrt0.a(_clear_bss.o)
 .debug_abbrev  0x0000000000000777       0x14 /usr/lib/gcc/msp430/4.6.3/mmpy-16/libcrt0.a(_endless_loop__.o)
 .debug_abbrev  0x000000000000078b       0x14 /usr/lib/gcc/msp430/4.6.3/mmpy-16/libcrt0.a(_unexpected_.o)

.debug_line     0x0000000000000000      0xd2a
 *(.debug_line)
 .debug_line    0x0000000000000000       0xae /usr/lib/gcc/msp430/4.6.3/mmpy-16/libgcc.a(_mulsi3.o)
 .debug_line    0x00000000000000ae       0xa7 /usr/lib/gcc/msp430/4.6.3/mmpy-16/libgcc.a(_udivmod16.o)
 .debug_line    0x0000000000000155       0xb6 /usr/lib/gcc/msp430/4.6.3/mmpy-16/libgcc.a(_udivmod32.o)
 .debug_line    0x000000000000020b       0x75 /usr/lib/gcc/msp430/4.6.3/../../../../msp430/lib/mmpy-16/libc.a(strncmp.o)
 .debug_line    0x0000000000000280       0x73 /usr/lib/gcc/msp430/4.6.3/../../../../msp430/lib/mmpy-16/libc.a(memcmp.o)
 .debug_line    0x00000000000002f3       0x4d /usr/lib/gcc/msp430/4.6.3/../../../../msp430/lib/mmpy-16/libc.a(strcpy.o)
 .debug_line    0x0000000000000340       0xe9 /usr/lib/gcc/msp430/4.6.3/../../../../msp430/lib/mmpy-16/libc.a(memcpy.o)
 .debug_line    0x0000000000000429       0xc8 /usr/lib/gcc/msp430/4.6.3/../../../../msp430/lib/mmpy-16/libc.a(memset.o)
 .debug_line    0x00000000000004f1       0x72 /usr/lib/gcc/msp430/4.6.3/../../../../msp430/lib/mmpy-16/libc.a(printf.o)
 .debug_line    0x0000000000000563      0x2d2 /usr/lib/gcc/msp430/4.6.3/../../../../msp430/lib/mmpy-16/libc.a(vuprintf.o)
 .debug_line    0x0000000000000835       0x4d /usr/lib/gcc/msp430/4.6.3/../../../../msp430/lib/mmpy-16/libc.a(puts.o)
 .debug_line    0x0000000000000882       0x4f /usr/lib/gcc/msp430/4.6.3/../../../../msp430/lib/mmpy-16/libc.a(rand.o)
 .debug_line    0x00000000000008d1       0xfc /usr/lib/gcc/msp430/4.6.3/mmpy-16/libgcc.a(_udivmod64.o)
 .debug_line    0x00000000000009cd       0x8f /usr/lib/gcc/msp430/4.6.3/mmpy-16/libcrt0.a(__watchdog_support.o)
 .debug_line    0x0000000000000a5c       0x8d /usr/lib/gcc/msp430/4.6.3/mmpy-16/libcrt0.a(__init_stack.o)
 .debug_line    0x0000000000000ae9       0x93 /usr/lib/gcc/msp430/4.6.3/mmpy-16/libcrt0.a(_copy_data.o)
 .debug_line    0x0000000000000b7c       0x93 /usr/lib/gcc/msp430/4.6.3/mmpy-16/libcrt0.a(_clear_bss.o)
 .debug_line    0x0000000000000c0f       0x8e /usr/lib/gcc/msp430/4.6.3/mmpy-16/libcrt0.a(_endless_loop__.o)
 .debug_line    0x0000000000000c9d       0x8d /usr/lib/gcc/msp430/4.6.3/mmpy-16/libcrt0.a(_unexpected_.o)

.debug_frame    0x0000000000000000      0x20a
 *(.debug_frame)
 .debug_frame   0x0000000000000000       0x24 /usr/lib/gcc/msp430/4.6.3/../../../../msp430/lib/mmpy-16/libc.a(strncmp.o)
 .debug_frame   0x0000000000000024       0x24 /usr/lib/gcc/msp430/4.6.3/../../../../msp430/lib/mmpy-16/libc.a(memcmp.o)
 .debug_frame   0x0000000000000048       0x1e /usr/lib/gcc/msp430/4.6.3/../../../../msp430/lib/mmpy-16/libc.a(strcpy.o)
 .debug_frame   0x0000000000000066       0x38 /usr/lib/gcc/msp430/4.6.3/../../../../msp430/lib/mmpy-16/libc.a(memcpy.o)
 .debug_frame   0x000000000000009e       0x32 /usr/lib/gcc/msp430/4.6.3/../../../../msp430/lib/mmpy-16/libc.a(memset.o)
 .debug_frame   0x00000000000000d0       0x2a /usr/lib/gcc/msp430/4.6.3/../../../../msp430/lib/mmpy-16/libc.a(printf.o)
 .debug_frame   0x00000000000000fa       0xb0 /usr/lib/gcc/msp430/4.6.3/../../../../msp430/lib/mmpy-16/libc.a(vuprintf.o)
 .debug_frame   0x00000000000001aa       0x24 /usr/lib/gcc/msp430/4.6.3/../../../../msp430/lib/mmpy-16/libc.a(puts.o)
 .debug_frame   0x00000000000001ce       0x3c /usr/lib/gcc/msp430/4.6.3/../../../../msp430/lib/mmpy-16/libc.a(rand.o)

.debug_str      0x0000000000000000      0x40b
 *(.debug_str)
 .debug_str     0x0000000000000000       0xd0 /usr/lib/gcc/msp430/4.6.3/../../../../msp430/lib/mmpy-16/libc.a(strncmp.o)
                                        0x109 (size before relaxing)
 .debug_str     0x00000000000000d0       0x19 /usr/lib/gcc/msp430/4.6.3/../../../../msp430/lib/mmpy-16/libc.a(memcmp.o)
                                        0x107 (size before relaxing)
 .debug_str     0x00000000000000e9       0x23 /usr/lib/gcc/msp430/4.6.3/../../../../msp430/lib/mmpy-16/libc.a(strcpy.o)
                                        0x10a (size before relaxing)
 .debug_str     0x000000000000010c       0x34 /usr/lib/gcc/msp430/4.6.3/../../../../msp430/lib/mmpy-16/libc.a(memcpy.o)
                                        0x122 (size before relaxing)
 .debug_str     0x0000000000000140       0x26 /usr/lib/gcc/msp430/4.6.3/../../../../msp430/lib/mmpy-16/libc.a(memset.o)
                                        0x120 (size before relaxing)
 .debug_str     0x0000000000000166       0x40 /usr/lib/gcc/msp430/4.6.3/../../../../msp430/lib/mmpy-16/libc.a(printf.o)
                                        0x136 (size before relaxing)
 .debug_str     0x00000000000001a6      0x221 /usr/lib/gcc/msp430/4.6.3/../../../../msp430/lib/mmpy-16/libc.a(vuprintf.o)
                                        0x381 (size before relaxing)
 .debug_str     0x00000000000003c7       0x15 /usr/lib/gcc/msp430/4.6.3/../../../../msp430/lib/mmpy-16/libc.a(puts.o)
                                         0xfc (size before relaxing)
 .debug_str     0x00000000000003dc       0x2f /usr/lib/gcc/msp430/4.6.3/../../../../msp430/lib/mmpy-16/libc.a(rand.o)
                                        0x11b (size before relaxing)

.debug_loc      0x0000000000000000      0xb05
 *(.debug_loc)
 .debug_loc     0x0000000000000000       0x38 /usr/lib/gcc/msp430/4.6.3/../../../../msp430/lib/mmpy-16/libc.a(strncmp.o)
 .debug_loc     0x0000000000000038       0x5e /usr/lib/gcc/msp430/4.6.3/../../../../msp430/lib/mmpy-16/libc.a(memcmp.o)
 .debug_loc     0x0000000000000096       0x12 /usr/lib/gcc/msp430/4.6.3/../../../../msp430/lib/mmpy-16/libc.a(strcpy.o)
 .debug_loc     0x00000000000000a8      0x1f0 /usr/lib/gcc/msp430/4.6.3/../../../../msp430/lib/mmpy-16/libc.a(memcpy.o)
 .debug_loc     0x0000000000000298       0xdb /usr/lib/gcc/msp430/4.6.3/../../../../msp430/lib/mmpy-16/libc.a(memset.o)
 .debug_loc     0x0000000000000373       0x38 /usr/lib/gcc/msp430/4.6.3/../../../../msp430/lib/mmpy-16/libc.a(printf.o)
 .debug_loc     0x00000000000003ab      0x705 /usr/lib/gcc/msp430/4.6.3/../../../../msp430/lib/mmpy-16/libc.a(vuprintf.o)
 .debug_loc     0x0000000000000ab0       0x26 /usr/lib/gcc/msp430/4.6.3/../../../../msp430/lib/mmpy-16/libc.a(puts.o)
 .debug_loc     0x0000000000000ad6       0x2f /usr/lib/gcc/msp430/4.6.3/../../../../msp430/lib/mmpy-16/libc.a(rand.o)

.debug_macinfo
 *(.debug_macinfo)

.debug_pubtypes
 *(.debug_pubtypes)

.debug_ranges   0x0000000000000000       0x18
 *(.debug_ranges)
 .debug_ranges  0x0000000000000000       0x18 /usr/lib/gcc/msp430/4.6.3/../../../../msp430/lib/mmpy-16/libc.a(vuprintf.o)
                0x0000000000003900                PROVIDE (__stack, (ORIGIN (ram) + 0x2800))
                0x000000000000a384                PROVIDE (__data_start_rom, _etext)