Archive member included because of file (symbol)

contiki-sky.a(contiki-sky-pla)
                              obj_sky/contiki-sky-main.o (init_platform)
contiki-sky.a(button-sensor.o)
                              contiki-sky.a(contiki-sky-pla) (button_sensor)
contiki-sky.a(ds2411.o)       obj_sky/contiki-sky-main.o (ds2411_init)
contiki-sky.a(xmem.o)         obj_sky/contiki-sky-main.o (xmem_init)
contiki-sky.a(node-id.o)      obj_sky/contiki-sky-main.o (node_id_restore)
contiki-sky.a(sensors.o)      contiki-sky.a(button-sensor.o) (sensors_changed)
contiki-sky.a(cc2420.o)       obj_sky/contiki-sky-main.o (cc2420_set_pan_addr)
contiki-sky.a(cc2420-arch.o)  contiki-sky.a(cc2420.o) (cc2420_arch_init)
contiki-sky.a(uart1.o)        obj_sky/contiki-sky-main.o (uart1_active)
contiki-sky.a(uart1-putchar.o)
                              obj_sky/contiki-sky-main.o (putchar)
contiki-sky.a(msp430.o)       contiki-sky.a(uart1.o) (msp430_add_lpm_req)
contiki-sky.a(clock.o)        obj_sky/contiki-sky-main.o (clock_init)
contiki-sky.a(leds.o)         obj_sky/contiki-sky-main.o (leds_init)
contiki-sky.a(leds-arch.o)    contiki-sky.a(leds.o) (leds_arch_init)
contiki-sky.a(watchdog.o)     obj_sky/contiki-sky-main.o (watchdog_start)
contiki-sky.a(rtimer-arch.o)  obj_sky/contiki-sky-main.o (rtimer_arch_now)
contiki-sky.a(autostart.o)    obj_sky/contiki-sky-main.o (autostart_start)
contiki-sky.a(ctimer.o)       obj_sky/contiki-sky-main.o (ctimer_init)
contiki-sky.a(energest.o)     obj_sky/contiki-sky-main.o (energest_init)
contiki-sky.a(etimer.o)       contiki-sky.a(clock.o) (etimer_request_poll)
contiki-sky.a(process.o)      contiki-sky.a(ctimer.o) (process_current)
contiki-sky.a(rtimer.o)       obj_sky/contiki-sky-main.o (rtimer_init)
contiki-sky.a(timer.o)        obj_sky/contiki-sky-main.o (timer_set)
contiki-sky.a(serial-line.o)  obj_sky/contiki-sky-main.o (serial_line_input_byte)
contiki-sky.a(list.o)         contiki-sky.a(ctimer.o) (list_init)
contiki-sky.a(memb.o)         example-neighbors.co (memb_alloc)
contiki-sky.a(random.o)       obj_sky/contiki-sky-main.o (random_init)
contiki-sky.a(ringbuf.o)      contiki-sky.a(serial-line.o) (ringbuf_init)
contiki-sky.a(rime.o)         obj_sky/contiki-sky-main.o (rime_driver)
contiki-sky.a(broadcast-annou)
                              contiki-sky.a(rime.o) (broadcast_announcement_init)
contiki-sky.a(broadcast.o)    example-neighbors.co (broadcast_open)
contiki-sky.a(chameleon.o)    contiki-sky.a(rime.o) (chameleon_init)
contiki-sky.a(channel.o)      contiki-sky.a(chameleon.o) (channel_init)
contiki-sky.a(unicast.o)      example-neighbors.co (unicast_open)
contiki-sky.a(abc.o)          contiki-sky.a(broadcast.o) (abc_open)
contiki-sky.a(announcement.o)
                              contiki-sky.a(rime.o) (announcement_init)
contiki-sky.a(csma.o)         obj_sky/contiki-sky-main.o (csma_driver)
contiki-sky.a(mac.o)          contiki-sky.a(csma.o) (mac_call_sent_callback)
contiki-sky.a(queuebuf.o)     contiki-sky.a(rime.o) (queuebuf_init)
contiki-sky.a(packetbuf.o)    contiki-sky.a(rime.o) (packetbuf_compact)
contiki-sky.a(linkaddr.o)     example-neighbors.co (linkaddr_copy)
contiki-sky.a(contikimac.o)   obj_sky/contiki-sky-main.o (contikimac_driver)
contiki-sky.a(contikimac-fram)
                              contiki-sky.a(contikimac.o) (contikimac_framer)
contiki-sky.a(nullsec.o)      obj_sky/contiki-sky-main.o (nullsec_driver)
contiki-sky.a(spi.o)          contiki-sky.a(xmem.o) (spi_init)
contiki-sky.a(compower.o)     contiki-sky.a(contikimac.o) (compower_accumulate)
contiki-sky.a(chameleon-bitop)
                              contiki-sky.a(chameleon.o) (chameleon_bitopt)
contiki-sky.a(mac-sequence.o)
                              contiki-sky.a(contikimac.o) (mac_sequence_is_duplicate)
contiki-sky.a(framer-802154.o)
                              contiki-sky.a(contikimac-fram) (framer_802154)
contiki-sky.a(frame802154.o)  contiki-sky.a(framer-802154.o) (frame802154_hdrlen)
contiki-sky.a(framer.o)       contiki-sky.a(framer-802154.o) (framer_canonical_create_and_secure)
/usr/lib/gcc/msp430/4.6.3/mmpy-16/libgcc.a(_mulsi3.o)
                              contiki-sky.a(csma.o) (__mulsi3)
/usr/lib/gcc/msp430/4.6.3/mmpy-16/libgcc.a(_udivmod16.o)
                              example-neighbors.co (__umodhi3)
/usr/lib/gcc/msp430/4.6.3/mmpy-16/libgcc.a(_udivmod32.o)
                              obj_sky/contiki-sky-main.o (__udivsi3)
/usr/lib/gcc/msp430/4.6.3/../../../../msp430/lib/mmpy-16/libc.a(strncmp.o)
                              contiki-sky.a(sensors.o) (strncmp)
/usr/lib/gcc/msp430/4.6.3/../../../../msp430/lib/mmpy-16/libc.a(memcmp.o)
                              contiki-sky.a(linkaddr.o) (memcmp)
/usr/lib/gcc/msp430/4.6.3/../../../../msp430/lib/mmpy-16/libc.a(memcpy.o)
                              contiki-sky.a(broadcast-annou) (memcpy)
/usr/lib/gcc/msp430/4.6.3/../../../../msp430/lib/mmpy-16/libc.a(memset.o)
                              obj_sky/contiki-sky-main.o (memset)
[...]
Memory Configuration

Name             Origin             Length             Attributes
sfr              0x0000000000000000 0x0000000000000010
peripheral_8bit  0x0000000000000010 0x00000000000000f0
peripheral_16bit 0x0000000000000100 0x0000000000000100
ram_mirror       0x0000000000000200 0x0000000000000800 xw
infomem          0x0000000000001000 0x0000000000000100
infob            0x0000000000001000 0x0000000000000080
infoa            0x0000000000001080 0x0000000000000080
ram              0x0000000000001100 0x0000000000002800 xw
rom              0x0000000000004000 0x000000000000bfe0 xr
vectors          0x000000000000ffe0 0x0000000000000020
bsl              0x0000000000000000 0x0000000000000000
infoc            0x0000000000000000 0x0000000000000000
infod            0x0000000000000000 0x0000000000000000
ram2             0x0000000000000000 0x0000000000000000 xw
usbram           0x0000000000000000 0x0000000000000000 xw
far_rom          0x0000000000000000 0x0000000000000000
*default*        0x0000000000000000 0xffffffffffffffff

Linker script and memory map

LOAD /usr/lib/gcc/msp430/4.6.3/mmpy-16/crt0ivtbl16.o
LOAD example-neighbors.co
LOAD obj_sky/contiki-sky-main.o
LOAD contiki-sky.a
LOAD /usr/lib/gcc/msp430/4.6.3/mmpy-16/libgcc.a
LOAD /usr/lib/gcc/msp430/4.6.3/../../../../msp430/lib/mmpy-16/libc.a
LOAD /usr/lib/gcc/msp430/4.6.3/mmpy-16/libgcc.a
LOAD /usr/lib/gcc/msp430/4.6.3/mmpy-16/libcrt0.a
                0x0000000000000080                PROVIDE (__info_segment_size, 0x80)
                0x0000000000001000                PROVIDE (__infob, 0x1000)
                0x0000000000001080                PROVIDE (__infoa, 0x1080)
                0x0000000000000000                __IE1 = 0x0
                0x0000000000000002                __IFG1 = 0x2
                0x0000000000000004                __ME1 = 0x4
                0x0000000000000001                __IE2 = 0x1
                0x0000000000000003                __IFG2 = 0x3
                0x0000000000000005                __ME2 = 0x5
                0x0000000000000120                __WDTCTL = 0x120
                0x0000000000000130                __MPY = 0x130
                0x0000000000000132                __MPYS = 0x132
                0x0000000000000134                __MAC = 0x134
                0x0000000000000136                __MACS = 0x136
                0x0000000000000138                __OP2 = 0x138
                0x000000000000013a                __RESLO = 0x13a
                0x000000000000013c                __RESHI = 0x13c
                0x000000000000013e                __SUMEXT = 0x13e
                0x0000000000000020                __P1IN = 0x20
                0x0000000000000021                __P1OUT = 0x21
                0x0000000000000022                __P1DIR = 0x22
                0x0000000000000023                __P1IFG = 0x23
                0x0000000000000024                __P1IES = 0x24
                0x0000000000000025                __P1IE = 0x25
                0x0000000000000026                __P1SEL = 0x26
                0x0000000000000028                __P2IN = 0x28
                0x0000000000000029                __P2OUT = 0x29
                0x000000000000002a                __P2DIR = 0x2a
                0x000000000000002b                __P2IFG = 0x2b
                0x000000000000002c                __P2IES = 0x2c
                0x000000000000002d                __P2IE = 0x2d
                0x000000000000002e                __P2SEL = 0x2e
                0x0000000000000018                __P3IN = 0x18
                0x0000000000000019                __P3OUT = 0x19
                0x000000000000001a                __P3DIR = 0x1a
                0x000000000000001b                __P3SEL = 0x1b
                0x000000000000001c                __P4IN = 0x1c
                0x000000000000001d                __P4OUT = 0x1d
                0x000000000000001e                __P4DIR = 0x1e
                0x000000000000001f                __P4SEL = 0x1f
                0x0000000000000030                __P5IN = 0x30
                0x0000000000000031                __P5OUT = 0x31
                0x0000000000000032                __P5DIR = 0x32
                0x0000000000000033                __P5SEL = 0x33
                0x0000000000000034                __P6IN = 0x34
                0x0000000000000035                __P6OUT = 0x35
                0x0000000000000036                __P6DIR = 0x36
                0x0000000000000037                __P6SEL = 0x37
                0x0000000000000070                __U0CTL = 0x70
                0x0000000000000071                __U0TCTL = 0x71
                0x0000000000000072                __U0RCTL = 0x72
                0x0000000000000073                __U0MCTL = 0x73
                0x0000000000000074                __U0BR0 = 0x74
                0x0000000000000075                __U0BR1 = 0x75
                0x0000000000000076                __U0RXBUF = 0x76
                0x0000000000000077                __U0TXBUF = 0x77
                0x0000000000000078                __U1CTL = 0x78
                0x0000000000000079                __U1TCTL = 0x79
                0x000000000000007a                __U1RCTL = 0x7a
                0x000000000000007b                __U1MCTL = 0x7b
                0x000000000000007c                __U1BR0 = 0x7c
                0x000000000000007d                __U1BR1 = 0x7d
                0x000000000000007e                __U1RXBUF = 0x7e
                0x000000000000007f                __U1TXBUF = 0x7f
                0x0000000000000050                __I2CIE = 0x50
                0x0000000000000051                __I2CIFG = 0x51
                0x0000000000000052                __I2CNDAT = 0x52
                0x0000000000000071                __I2CTCTL = 0x71
                0x0000000000000072                __I2CDCTL = 0x72
                0x0000000000000073                __I2CPSC = 0x73
                0x0000000000000074                __I2CSCLH = 0x74
                0x0000000000000075                __I2CSCLL = 0x75
                0x0000000000000076                __I2CDRB = 0x76
                0x0000000000000076                __I2CDRW = 0x76
                0x0000000000000118                __I2COA = 0x118
                0x000000000000011a                __I2CSA = 0x11a
                0x000000000000011c                __I2CIV = 0x11c
                0x000000000000012e                __TAIV = 0x12e
                0x0000000000000160                __TACTL = 0x160
                0x0000000000000162                __TACCTL0 = 0x162
                0x0000000000000164                __TACCTL1 = 0x164
                0x0000000000000166                __TACCTL2 = 0x166
                0x0000000000000170                __TAR = 0x170
                0x0000000000000172                __TACCR0 = 0x172
                0x0000000000000174                __TACCR1 = 0x174
                0x0000000000000176                __TACCR2 = 0x176
                0x000000000000011e                __TBIV = 0x11e
                0x0000000000000180                __TBCTL = 0x180
                0x0000000000000182                __TBCCTL0 = 0x182
                0x0000000000000184                __TBCCTL1 = 0x184
                0x0000000000000186                __TBCCTL2 = 0x186
                0x0000000000000188                __TBCCTL3 = 0x188
                0x000000000000018a                __TBCCTL4 = 0x18a
                0x000000000000018c                __TBCCTL5 = 0x18c
                0x000000000000018e                __TBCCTL6 = 0x18e
                0x0000000000000190                __TBR = 0x190
                0x0000000000000192                __TBCCR0 = 0x192
                0x0000000000000194                __TBCCR1 = 0x194
                0x0000000000000196                __TBCCR2 = 0x196
                0x0000000000000198                __TBCCR3 = 0x198
                0x000000000000019a                __TBCCR4 = 0x19a
                0x000000000000019c                __TBCCR5 = 0x19c
                0x000000000000019e                __TBCCR6 = 0x19e
                0x0000000000000056                __DCOCTL = 0x56
                0x0000000000000057                __BCSCTL1 = 0x57
                0x0000000000000058                __BCSCTL2 = 0x58
                0x0000000000000055                __SVSCTL = 0x55
                0x0000000000000128                __FCTL1 = 0x128
                0x000000000000012a                __FCTL2 = 0x12a
                0x000000000000012c                __FCTL3 = 0x12c
                0x0000000000000059                __CACTL1 = 0x59
                0x000000000000005a                __CACTL2 = 0x5a
                0x000000000000005b                __CAPD = 0x5b
                0x00000000000001a0                __ADC12CTL0 = 0x1a0
                0x00000000000001a2                __ADC12CTL1 = 0x1a2
                0x00000000000001a4                __ADC12IFG = 0x1a4
                0x00000000000001a6                __ADC12IE = 0x1a6
                0x00000000000001a8                __ADC12IV = 0x1a8
                0x0000000000000140                __ADC12MEM0 = 0x140
                0x0000000000000142                __ADC12MEM1 = 0x142
                0x0000000000000144                __ADC12MEM2 = 0x144
                0x0000000000000146                __ADC12MEM3 = 0x146
                0x0000000000000148                __ADC12MEM4 = 0x148
                0x000000000000014a                __ADC12MEM5 = 0x14a
                0x000000000000014c                __ADC12MEM6 = 0x14c
                0x000000000000014e                __ADC12MEM7 = 0x14e
                0x0000000000000150                __ADC12MEM8 = 0x150
                0x0000000000000152                __ADC12MEM9 = 0x152
                0x0000000000000154                __ADC12MEM10 = 0x154
                0x0000000000000156                __ADC12MEM11 = 0x156
                0x0000000000000158                __ADC12MEM12 = 0x158
                0x000000000000015a                __ADC12MEM13 = 0x15a
                0x000000000000015c                __ADC12MEM14 = 0x15c
                0x000000000000015e                __ADC12MEM15 = 0x15e
                0x0000000000000080                __ADC12MCTL0 = 0x80
                0x0000000000000081                __ADC12MCTL1 = 0x81
                0x0000000000000082                __ADC12MCTL2 = 0x82
                0x0000000000000083                __ADC12MCTL3 = 0x83
                0x0000000000000084                __ADC12MCTL4 = 0x84
                0x0000000000000085                __ADC12MCTL5 = 0x85
                0x0000000000000086                __ADC12MCTL6 = 0x86
                0x0000000000000087                __ADC12MCTL7 = 0x87
                0x0000000000000088                __ADC12MCTL8 = 0x88
                0x0000000000000089                __ADC12MCTL9 = 0x89
                0x000000000000008a                __ADC12MCTL10 = 0x8a
                0x000000000000008b                __ADC12MCTL11 = 0x8b
                0x000000000000008c                __ADC12MCTL12 = 0x8c
                0x000000000000008d                __ADC12MCTL13 = 0x8d
                0x000000000000008e                __ADC12MCTL14 = 0x8e
                0x000000000000008f                __ADC12MCTL15 = 0x8f
                0x00000000000001c0                __DAC12_0CTL = 0x1c0
                0x00000000000001c2                __DAC12_1CTL = 0x1c2
                0x00000000000001c8                __DAC12_0DAT = 0x1c8
                0x00000000000001ca                __DAC12_1DAT = 0x1ca
                0x0000000000000122                __DMACTL0 = 0x122
                0x0000000000000124                __DMACTL1 = 0x124
                0x00000000000001e0                __DMA0CTL = 0x1e0
                0x00000000000001e8                __DMA1CTL = 0x1e8
                0x00000000000001f0                __DMA2CTL = 0x1f0
                0x00000000000001e2                __DMA0SA = 0x1e2
                0x00000000000001e4                __DMA0DA = 0x1e4
                0x00000000000001e6                __DMA0SZ = 0x1e6
                0x00000000000001ea                __DMA1SA = 0x1ea
                0x00000000000001ec                __DMA1DA = 0x1ec
                0x00000000000001ee                __DMA1SZ = 0x1ee
                0x00000000000001f2                __DMA2SA = 0x1f2
                0x00000000000001f4                __DMA2DA = 0x1f4
                0x00000000000001f6                __DMA2SZ = 0x1f6

.hash
 *(.hash)

.dynsym
 *(.dynsym)

.dynstr
 *(.dynstr)

.gnu.version
 *(.gnu.version)

.gnu.version_d
 *(.gnu.version_d)

.gnu.version_r
 *(.gnu.version_r)

.rel.init
 *(.rel.init)

.rela.init
 *(.rela.init)

.rel.fini
 *(.rel.fini)

.rela.fini
 *(.rela.fini)

.rel.text
 *(.rel.text .rel.text.* .rel.gnu.linkonce.t.*)

.rela.text
 *(.rela.text .rela.text.* .rela.gnu.linkonce.t.*)

.rel.rodata
 *(.rel.rodata .rel.rodata.* .rel.gnu.linkonce.r.*)

.rela.rodata
 *(.rela.rodata .rela.rodata.* .rela.gnu.linkonce.r.*)

.rel.data
 *(.rel.data .rel.data.* .rel.gnu.linkonce.d.*)

.rela.data
 *(.rela.data .rela.data.* .rela.gnu.linkonce.d.*)

.rel.bss
 *(.rel.bss .rel.bss.* .rel.gnu.linkonce.b.*)

.rela.bss
 *(.rela.bss .rela.bss.* .rela.gnu.linkonce.b.*)

.rel.ctors
 *(.rel.ctors)

.rela.ctors
 *(.rela.ctors)

.rel.dtors
 *(.rel.dtors)

.rela.dtors
 *(.rela.dtors)

.rel.got
 *(.rel.got)

.rela.got
 *(.rela.got)

.rel.plt
 *(.rel.plt)

.rela.plt
 *(.rela.plt)

.text           0x0000000000004000     0x5174
                0x0000000000004000                . = ALIGN (0x2)
 *(.init .init.*)
 *(.init0)
 .init0         0x0000000000004000        0x0 /usr/lib/gcc/msp430/4.6.3/mmpy-16/libcrt0.a(_reset_vector__.o)
                0x0000000000004000                _reset_vector__
 *(.init1)
 .init1         0x0000000000004000        0xc /usr/lib/gcc/msp430/4.6.3/mmpy-16/libcrt0.a(__watchdog_support.o)
                0x0000000000004000                __watchdog_support
 *(.init2)
 .init2         0x000000000000400c        0x4 /usr/lib/gcc/msp430/4.6.3/mmpy-16/libcrt0.a(__init_stack.o)
                0x000000000000400c                __init_stack
 *(.init3)
 .init3         0x0000000000004010        0x0 /usr/lib/gcc/msp430/4.6.3/mmpy-16/libcrt0.a(__low_level_init.o)
                0x0000000000004010                __low_level_init
 *(.init4)
 .init4         0x0000000000004010       0x18 /usr/lib/gcc/msp430/4.6.3/mmpy-16/libcrt0.a(_copy_data.o)
                0x0000000000004010                __do_copy_data
 .init4         0x0000000000004028       0x16 /usr/lib/gcc/msp430/4.6.3/mmpy-16/libcrt0.a(_clear_bss.o)
                0x0000000000004028                __do_clear_bss
 *(.init5)
 *(.init6)
 *(.init7)
 *(.init8)
 *(.init9)
 .init9         0x000000000000403e      0x2d0 obj_sky/contiki-sky-main.o
                0x000000000000403e                main
 *(.fini9)
 .fini9         0x000000000000430e        0x0 /usr/lib/gcc/msp430/4.6.3/mmpy-16/libcrt0.a(__stop_progExec__.o)
                0x000000000000430e                __stop_progExec__
 *(.fini8)
 *(.fini7)
 *(.fini6)
 *(.fini5)
 *(.fini4)
 *(.fini3)
 *(.fini2)
 *(.fini1)
 *(.fini0)
 .fini0         0x000000000000430e        0x6 /usr/lib/gcc/msp430/4.6.3/mmpy-16/libcrt0.a(_endless_loop__.o)
                0x000000000000430e                _endless_loop__
 *(.fini .fini.*)
                0x0000000000004314                . = ALIGN (0x2)
                0x0000000000004314                __ctors_start = .
 *(.ctors)
                0x0000000000004314                __ctors_end = .
                0x0000000000004314                __dtors_start = .
 *(.dtors)
                0x0000000000004314                __dtors_end = .
                0x0000000000004314                . = ALIGN (0x2)
 *(.text .text.* .gnu.linkonce.t.*)
 .text          0x0000000000004314        0x4 /usr/lib/gcc/msp430/4.6.3/mmpy-16/crt0ivtbl16.o
                0x0000000000004314                __isr_14
                0x0000000000004314                __isr_11
                0x0000000000004314                __isr_2
                0x0000000000004314                __isr_7
                0x0000000000004314                __isr_0
                0x0000000000004314                __isr_8
                0x0000000000004314                __isr_3
                0x0000000000004314                __isr_12
                0x0000000000004314                __isr_13
                0x0000000000004314                __isr_9
 .text.process_thread_unicast_process
                0x0000000000004318       0xf8 example-neighbors.co
 .text.recv_uc  0x0000000000004410       0x48 example-neighbors.co
 .text.process_thread_broadcast_process
                0x0000000000004458       0x94 example-neighbors.co
 .text.broadcast_recv
                0x00000000000044ec      0x1ac example-neighbors.co
 .text.start_network_layer
                0x0000000000004698       0x3c obj_sky/contiki-sky-main.o
 .text.init_platform
                0x00000000000046d4        0xc contiki-sky.a(contiki-sky-pla)
                0x00000000000046d4                init_platform
 .text.status   0x00000000000046e0       0x16 contiki-sky.a(button-sensor.o)
 .text.configure
                0x00000000000046f6       0x52 contiki-sky.a(button-sensor.o)
 .text.value    0x0000000000004748       0x22 contiki-sky.a(button-sensor.o)
 .text.irq_p2   0x000000000000476a       0x8a contiki-sky.a(button-sensor.o)
                0x000000000000476a                irq_p2
                0x000000000000476a                __isr_1
 .text.owreadb  0x00000000000047f4       0x52 contiki-sky.a(ds2411.o)
 .text.ds2411_init
                0x0000000000004846      0x122 contiki-sky.a(ds2411.o)
                0x0000000000004846                ds2411_init
 .text.wait_ready
                0x0000000000004968       0x50 contiki-sky.a(xmem.o)
 .text.xmem_init
                0x00000000000049b8       0x3e contiki-sky.a(xmem.o)
                0x00000000000049b8                xmem_init
 .text.xmem_pread
                0x00000000000049f6       0xea contiki-sky.a(xmem.o)
                0x00000000000049f6                xmem_pread
 .text.node_id_restore
                0x0000000000004ae0       0x38 contiki-sky.a(node-id.o)
                0x0000000000004ae0                node_id_restore
 .text.process_thread_sensors_process
                0x0000000000004b18       0xbe contiki-sky.a(sensors.o)
 .text.sensors_changed
                0x0000000000004bd6       0x2a contiki-sky.a(sensors.o)
                0x0000000000004bd6                sensors_changed
 .text.get_object
                0x0000000000004c00        0x4 contiki-sky.a(cc2420.o)
 .text.set_object
                0x0000000000004c04        0x4 contiki-sky.a(cc2420.o)
 .text.strobe   0x0000000000004c08       0x20 contiki-sky.a(cc2420.o)
 .text.getreg   0x0000000000004c28       0x54 contiki-sky.a(cc2420.o)
 .text.setreg   0x0000000000004c7c       0x52 contiki-sky.a(cc2420.o)
 .text.write_ram
                0x0000000000004cce       0x80 contiki-sky.a(cc2420.o)
 .text.write_fifo_buf
                0x0000000000004d4e       0x40 contiki-sky.a(cc2420.o)
 .text.get_status
                0x0000000000004d8e       0x24 contiki-sky.a(cc2420.o)
 .text.set_txpower
                0x0000000000004db2       0x26 contiki-sky.a(cc2420.o)
 .text.cc2420_receiving_packet
                0x0000000000004dd8        0xe contiki-sky.a(cc2420.o)
 .text.pending_packet
                0x0000000000004de6        0x8 contiki-sky.a(cc2420.o)
 .text.on       0x0000000000004dee       0x1e contiki-sky.a(cc2420.o)
 .text.wait_for_transmission
                0x0000000000004e0c       0x22 contiki-sky.a(cc2420.o)
 .text.wait_for_status
                0x0000000000004e2e       0x2a contiki-sky.a(cc2420.o)
 .text.getrxdata
                0x0000000000004e58       0x56 contiki-sky.a(cc2420.o)
 .text.flushrx  0x0000000000004eae       0x1a contiki-sky.a(cc2420.o)
 .text.off      0x0000000000004ec8       0x5a contiki-sky.a(cc2420.o)
 .text.RELEASE_LOCK
                0x0000000000004f22       0x28 contiki-sky.a(cc2420.o)
 .text.set_key  0x0000000000004f4a       0x18 contiki-sky.a(cc2420.o)
 .text.cc2420_prepare
                0x0000000000004f62       0x3c contiki-sky.a(cc2420.o)
 .text.cc2420_on
                0x0000000000004f9e       0x22 contiki-sky.a(cc2420.o)
                0x0000000000004f9e                cc2420_on
 .text.cc2420_off
                0x0000000000004fc0       0x30 contiki-sky.a(cc2420.o)
                0x0000000000004fc0                cc2420_off
 .text.cc2420_cca
                0x0000000000004ff0       0x5e contiki-sky.a(cc2420.o)
 .text.cc2420_read
                0x000000000000504e       0xb0 contiki-sky.a(cc2420.o)
 .text.process_thread_cc2420_process
                0x00000000000050fe       0x50 contiki-sky.a(cc2420.o)
 .text.encrypt  0x000000000000514e       0x8e contiki-sky.a(cc2420.o)
 .text.cc2420_set_channel
                0x00000000000051dc       0x3c contiki-sky.a(cc2420.o)
                0x00000000000051dc                cc2420_set_channel
 .text.cc2420_set_pan_addr
                0x0000000000005218       0x4c contiki-sky.a(cc2420.o)
                0x0000000000005218                cc2420_set_pan_addr
 .text.cc2420_interrupt
                0x0000000000005264       0x18 contiki-sky.a(cc2420.o)
                0x0000000000005264                cc2420_interrupt
 .text.cc2420_set_txpower
                0x000000000000527c        0xe contiki-sky.a(cc2420.o)
                0x000000000000527c                cc2420_set_txpower
 .text.cc2420_get_txpower
                0x000000000000528a       0x1e contiki-sky.a(cc2420.o)
                0x000000000000528a                cc2420_get_txpower
 .text.cc2420_transmit
                0x00000000000052a8      0x12a contiki-sky.a(cc2420.o)
 .text.cc2420_send
                0x00000000000053d2       0x12 contiki-sky.a(cc2420.o)
 .text.cc2420_rssi
                0x00000000000053e4       0x4c contiki-sky.a(cc2420.o)
                0x00000000000053e4                cc2420_rssi
 .text.get_value
                0x0000000000005430       0xac contiki-sky.a(cc2420.o)
 .text.cc2420_set_cca_threshold
                0x00000000000054dc       0x16 contiki-sky.a(cc2420.o)
                0x00000000000054dc                cc2420_set_cca_threshold
 .text.set_value
                0x00000000000054f2       0x8a contiki-sky.a(cc2420.o)
 .text.cc2420_init
                0x000000000000557c       0xde contiki-sky.a(cc2420.o)
                0x000000000000557c                cc2420_init
 .text.cc2420_port1_interrupt
                0x000000000000565a       0x62 contiki-sky.a(cc2420-arch.o)
                0x000000000000565a                __isr_4
                0x000000000000565a                cc2420_port1_interrupt
 .text.cc2420_arch_init
                0x00000000000056bc       0x1a contiki-sky.a(cc2420-arch.o)
                0x00000000000056bc                cc2420_arch_init
 .text.handle_rxdma_timer
                0x00000000000056d6       0x3a contiki-sky.a(uart1.o)
 .text.uart1_active
                0x0000000000005710       0x1a contiki-sky.a(uart1.o)
                0x0000000000005710                uart1_active
 .text.uart1_set_input
                0x000000000000572a       0x20 contiki-sky.a(uart1.o)
                0x000000000000572a                uart1_set_input
 .text.uart1_writeb
                0x000000000000574a       0x1a contiki-sky.a(uart1.o)
                0x000000000000574a                uart1_writeb
 .text.uart1_init
                0x0000000000005764       0xf6 contiki-sky.a(uart1.o)
                0x0000000000005764                uart1_init
 .text.putchar  0x000000000000585a       0x10 contiki-sky.a(uart1-putchar.o)
                0x000000000000585a                putchar
 .text.msp430_init_dco
                0x000000000000586a       0x84 contiki-sky.a(msp430.o)
                0x000000000000586a                msp430_init_dco
 .text.msp430_add_lpm_req
                0x00000000000058ee        0xc contiki-sky.a(msp430.o)
                0x00000000000058ee                msp430_add_lpm_req
 .text.msp430_cpu_init
                0x00000000000058fa       0x2a contiki-sky.a(msp430.o)
                0x00000000000058fa                msp430_cpu_init
 .text.splhigh_
                0x0000000000005924        0x8 contiki-sky.a(msp430.o)
                0x0000000000005924                splhigh_
 .text.msp430_sync_dco
                0x000000000000592c       0x68 contiki-sky.a(msp430.o)
                0x000000000000592c                msp430_sync_dco
 .text.timera1  0x0000000000005994      0x11e contiki-sky.a(clock.o)
                0x0000000000005994                __isr_5
                0x0000000000005994                timera1
 .text.clock_time
                0x0000000000005ab2       0x1a contiki-sky.a(clock.o)
                0x0000000000005ab2                clock_time
 .text.clock_init
                0x0000000000005acc       0x28 contiki-sky.a(clock.o)
                0x0000000000005acc                clock_init
 .text.clock_delay
                0x0000000000005af4        0xc contiki-sky.a(clock.o)
                0x0000000000005af4                clock_delay
 .text.show_leds
                0x0000000000005b00       0xf6 contiki-sky.a(leds.o)
 .text.leds_init
                0x0000000000005bf6        0xa contiki-sky.a(leds.o)
                0x0000000000005bf6                leds_init
 .text.leds_on  0x0000000000005c00        0xa contiki-sky.a(leds.o)
                0x0000000000005c00                leds_on
 .text.leds_off
                0x0000000000005c0a        0xe contiki-sky.a(leds.o)
                0x0000000000005c0a                leds_off
 .text.leds_arch_init
                0x0000000000005c18        0xe contiki-sky.a(leds-arch.o)
                0x0000000000005c18                leds_arch_init
 .text.leds_arch_set
                0x0000000000005c26       0x3a contiki-sky.a(leds-arch.o)
                0x0000000000005c26                leds_arch_set
 .text.watchdog_interrupt
                0x0000000000005c60        0x6 contiki-sky.a(watchdog.o)
                0x0000000000005c60                __isr_10
                0x0000000000005c60                watchdog_interrupt
 .text.watchdog_start
                0x0000000000005c66       0x14 contiki-sky.a(watchdog.o)
                0x0000000000005c66                watchdog_start
 .text.watchdog_periodic
                0x0000000000005c7a       0x12 contiki-sky.a(watchdog.o)
                0x0000000000005c7a                watchdog_periodic
 .text.watchdog_stop
                0x0000000000005c8c       0x16 contiki-sky.a(watchdog.o)
                0x0000000000005c8c                watchdog_stop
 .text.watchdog_init
                0x0000000000005ca2       0x14 contiki-sky.a(watchdog.o)
                0x0000000000005ca2                watchdog_init
 .text.rtimer_arch_init
                0x0000000000005cb6        0xe contiki-sky.a(rtimer-arch.o)
                0x0000000000005cb6                rtimer_arch_init
 .text.rtimer_arch_now
                0x0000000000005cc4        0xe contiki-sky.a(rtimer-arch.o)
                0x0000000000005cc4                rtimer_arch_now
 .text.timera0  0x0000000000005cd2       0x70 contiki-sky.a(rtimer-arch.o)
                0x0000000000005cd2                __isr_6
                0x0000000000005cd2                timera0
 .text.rtimer_arch_schedule
                0x0000000000005d42        0x6 contiki-sky.a(rtimer-arch.o)
                0x0000000000005d42                rtimer_arch_schedule
 .text.autostart_start
                0x0000000000005d48       0x16 contiki-sky.a(autostart.o)
                0x0000000000005d48                autostart_start
 .text.process_thread_ctimer_process
                0x0000000000005d5e       0xa4 contiki-sky.a(ctimer.o)
 .text.ctimer_init
                0x0000000000005e02       0x18 contiki-sky.a(ctimer.o)
                0x0000000000005e02                ctimer_init
 .text.ctimer_set
                0x0000000000005e1a       0x50 contiki-sky.a(ctimer.o)
                0x0000000000005e1a                ctimer_set
 .text.ctimer_reset
                0x0000000000005e6a       0x30 contiki-sky.a(ctimer.o)
                0x0000000000005e6a                ctimer_reset
 .text.ctimer_stop
                0x0000000000005e9a       0x28 contiki-sky.a(ctimer.o)
                0x0000000000005e9a                ctimer_stop
 .text.energest_init
                0x0000000000005ec2       0x28 contiki-sky.a(energest.o)
                0x0000000000005ec2                energest_init
 .text.energest_type_time
                0x0000000000005eea       0x46 contiki-sky.a(energest.o)
                0x0000000000005eea                energest_type_time
 .text.energest_type_set
                0x0000000000005f30        0xe contiki-sky.a(energest.o)
                0x0000000000005f30                energest_type_set
 .text.energest_flush
                0x0000000000005f3e       0x48 contiki-sky.a(energest.o)
                0x0000000000005f3e                energest_flush
 .text.update_time
                0x0000000000005f86       0x78 contiki-sky.a(etimer.o)
 .text.etimer_request_poll
                0x0000000000005ffe        0xa contiki-sky.a(etimer.o)
                0x0000000000005ffe                etimer_request_poll
 .text.process_thread_etimer_process
                0x0000000000006008       0xc8 contiki-sky.a(etimer.o)
 .text.add_timer
                0x00000000000060d0       0x40 contiki-sky.a(etimer.o)
 .text.etimer_set
                0x0000000000006110       0x12 contiki-sky.a(etimer.o)
                0x0000000000006110                etimer_set
 .text.etimer_reset
                0x0000000000006122       0x12 contiki-sky.a(etimer.o)
                0x0000000000006122                etimer_reset
 .text.etimer_expired
                0x0000000000006134        0xe contiki-sky.a(etimer.o)
                0x0000000000006134                etimer_expired
 .text.etimer_pending
                0x0000000000006142        0xc contiki-sky.a(etimer.o)
                0x0000000000006142                etimer_pending
 .text.etimer_next_expiration_time
                0x000000000000614e       0x16 contiki-sky.a(etimer.o)
                0x000000000000614e                etimer_next_expiration_time
 .text.etimer_stop
                0x0000000000006164       0x3c contiki-sky.a(etimer.o)
                0x0000000000006164                etimer_stop
 .text.call_process
                0x00000000000061a0       0x4a contiki-sky.a(process.o)
 .text.exit_process
                0x00000000000061ea       0x96 contiki-sky.a(process.o)
 .text.do_poll  0x0000000000006280       0x30 contiki-sky.a(process.o)
 .text.process_alloc_event
                0x00000000000062b0        0xe contiki-sky.a(process.o)
                0x00000000000062b0                process_alloc_event
 .text.process_init
                0x00000000000062be       0x1c contiki-sky.a(process.o)
                0x00000000000062be                process_init
 .text.process_run
                0x00000000000062da       0xa2 contiki-sky.a(process.o)
                0x00000000000062da                process_run
 .text.process_nevents
                0x000000000000637c        0xe contiki-sky.a(process.o)
                0x000000000000637c                process_nevents
 .text.process_post
                0x000000000000638a       0x54 contiki-sky.a(process.o)
                0x000000000000638a                process_post
 .text.process_post_synch
                0x00000000000063de       0x12 contiki-sky.a(process.o)
                0x00000000000063de                process_post_synch
 .text.process_start
                0x00000000000063f0       0x32 contiki-sky.a(process.o)
                0x00000000000063f0                process_start
 .text.process_poll
                0x0000000000006422       0x18 contiki-sky.a(process.o)
                0x0000000000006422                process_poll
 .text.rtimer_init
                0x000000000000643a        0x6 contiki-sky.a(rtimer.o)
                0x000000000000643a                rtimer_init
 .text.rtimer_set
                0x0000000000006440       0x24 contiki-sky.a(rtimer.o)
                0x0000000000006440                rtimer_set
 .text.rtimer_run_next
                0x0000000000006464       0x26 contiki-sky.a(rtimer.o)
                0x0000000000006464                rtimer_run_next
 .text.timer_set
                0x000000000000648a       0x1c contiki-sky.a(timer.o)
                0x000000000000648a                timer_set
 .text.timer_reset
                0x00000000000064a6        0xe contiki-sky.a(timer.o)
                0x00000000000064a6                timer_reset
 .text.timer_expired
                0x00000000000064b4       0x2a contiki-sky.a(timer.o)
                0x00000000000064b4                timer_expired
 .text.process_thread_serial_line_process
                0x00000000000064de       0x9c contiki-sky.a(serial-line.o)
 .text.serial_line_input_byte
                0x000000000000657a       0x4a contiki-sky.a(serial-line.o)
                0x000000000000657a                serial_line_input_byte
 .text.serial_line_init
                0x00000000000065c4       0x1c contiki-sky.a(serial-line.o)
                0x00000000000065c4                serial_line_init
 .text.list_init
                0x00000000000065e0        0x6 contiki-sky.a(list.o)
                0x00000000000065e0                list_init
 .text.list_head
                0x00000000000065e6        0x4 contiki-sky.a(list.o)
                0x00000000000065e6                list_head
 .text.list_tail
                0x00000000000065ea       0x12 contiki-sky.a(list.o)
                0x00000000000065ea                list_tail
 .text.list_remove
                0x00000000000065fc       0x34 contiki-sky.a(list.o)
                0x00000000000065fc                list_remove
 .text.list_push
                0x0000000000006630       0x1a contiki-sky.a(list.o)
                0x0000000000006630                list_push
 .text.list_add
                0x000000000000664a       0x2a contiki-sky.a(list.o)
                0x000000000000664a                list_add
 .text.list_length
                0x0000000000006674       0x10 contiki-sky.a(list.o)
                0x0000000000006674                list_length
 .text.list_item_next
                0x0000000000006684        0xc contiki-sky.a(list.o)
                0x0000000000006684                list_item_next
 .text.memb_init
                0x0000000000006690       0x36 contiki-sky.a(memb.o)
                0x0000000000006690                memb_init
 .text.memb_alloc
                0x00000000000066c6       0x3e contiki-sky.a(memb.o)
                0x00000000000066c6                memb_alloc
 .text.memb_free
                0x0000000000006704       0x3a contiki-sky.a(memb.o)
                0x0000000000006704                memb_free
 .text.memb_inmemb
                0x000000000000673e       0x2e contiki-sky.a(memb.o)
                0x000000000000673e                memb_inmemb
 .text.random_init
                0x000000000000676c        0x6 contiki-sky.a(random.o)
                0x000000000000676c                random_init
 .text.random_rand
                0x0000000000006772        0x6 contiki-sky.a(random.o)
                0x0000000000006772                random_rand
 .text.ringbuf_init
                0x0000000000006778       0x14 contiki-sky.a(ringbuf.o)
                0x0000000000006778                ringbuf_init
 .text.ringbuf_put
                0x000000000000678c       0x38 contiki-sky.a(ringbuf.o)
                0x000000000000678c                ringbuf_put
 .text.ringbuf_get
                0x00000000000067c4       0x32 contiki-sky.a(ringbuf.o)
                0x00000000000067c4                ringbuf_get
 .text.input    0x00000000000067f6       0x3a contiki-sky.a(rime.o)
 .text.init     0x0000000000006830       0x2e contiki-sky.a(rime.o)
 .text.packet_sent
                0x000000000000685e       0x44 contiki-sky.a(rime.o)
 .text.rime_output
                0x00000000000068a2       0x24 contiki-sky.a(rime.o)
                0x00000000000068a2                rime_output
 .text.adv_packet_sent
                0x00000000000068c6        0x2 contiki-sky.a(broadcast-annou)
 .text.adv_packet_received
                0x00000000000068c8       0x66 contiki-sky.a(broadcast-annou)
 .text.set_timers
                0x000000000000692e       0x4a contiki-sky.a(broadcast-annou)
 .text.send_timer
                0x0000000000006978       0x36 contiki-sky.a(broadcast-annou)
 .text.new_announcement
                0x00000000000069ae       0x18 contiki-sky.a(broadcast-annou)
 .text.send_adv
                0x00000000000069c6       0x66 contiki-sky.a(broadcast-annou)
 .text.broadcast_announcement_init
                0x0000000000006a2c       0x48 contiki-sky.a(broadcast-annou)
                0x0000000000006a2c                broadcast_announcement_init
 .text.sent_by_abc
                0x0000000000006a74       0x10 contiki-sky.a(broadcast.o)
 .text.recv_from_abc
                0x0000000000006a84       0x26 contiki-sky.a(broadcast.o)
 .text.broadcast_open
                0x0000000000006aaa       0x2a contiki-sky.a(broadcast.o)
                0x0000000000006aaa                broadcast_open
 .text.broadcast_close
                0x0000000000006ad4        0x6 contiki-sky.a(broadcast.o)
                0x0000000000006ad4                broadcast_close
 .text.broadcast_send
                0x0000000000006ada       0x1a contiki-sky.a(broadcast.o)
                0x0000000000006ada                broadcast_send
 .text.chameleon_init
                0x0000000000006af4        0x6 contiki-sky.a(chameleon.o)
                0x0000000000006af4                chameleon_init
 .text.chameleon_parse
                0x0000000000006afa       0x10 contiki-sky.a(chameleon.o)
                0x0000000000006afa                chameleon_parse
 .text.chameleon_create
                0x0000000000006b0a       0x1c contiki-sky.a(chameleon.o)
                0x0000000000006b0a                chameleon_create
 .text.chameleon_hdrsize
                0x0000000000006b26        0x6 contiki-sky.a(chameleon.o)
                0x0000000000006b26                chameleon_hdrsize
 .text.channel_init
                0x0000000000006b2c        0xa contiki-sky.a(channel.o)
                0x0000000000006b2c                channel_init
 .text.channel_open
                0x0000000000006b36       0x10 contiki-sky.a(channel.o)
                0x0000000000006b36                channel_open
 .text.channel_close
                0x0000000000006b46        0xc contiki-sky.a(channel.o)
                0x0000000000006b46                channel_close
 .text.channel_lookup
                0x0000000000006b52       0x20 contiki-sky.a(channel.o)
                0x0000000000006b52                channel_lookup
 .text.channel_set_attributes
                0x0000000000006b72       0x24 contiki-sky.a(channel.o)
                0x0000000000006b72                channel_set_attributes
 .text.sent_by_broadcast
                0x0000000000006b96       0x10 contiki-sky.a(unicast.o)
 .text.recv_from_broadcast
                0x0000000000006ba6       0x2e contiki-sky.a(unicast.o)
 .text.unicast_open
                0x0000000000006bd4       0x2a contiki-sky.a(unicast.o)
                0x0000000000006bd4                unicast_open
 .text.unicast_close
                0x0000000000006bfe        0x6 contiki-sky.a(unicast.o)
                0x0000000000006bfe                unicast_close
 .text.unicast_send
                0x0000000000006c04       0x16 contiki-sky.a(unicast.o)
                0x0000000000006c04                unicast_send
 .text.abc_open
                0x0000000000006c1a       0x26 contiki-sky.a(abc.o)
                0x0000000000006c1a                abc_open
 .text.abc_close
                0x0000000000006c40        0x6 contiki-sky.a(abc.o)
                0x0000000000006c40                abc_close
 .text.abc_send
                0x0000000000006c46        0x6 contiki-sky.a(abc.o)
                0x0000000000006c46                abc_send
 .text.abc_input
                0x0000000000006c4c        0xe contiki-sky.a(abc.o)
                0x0000000000006c4c                abc_input
 .text.abc_sent
                0x0000000000006c5a       0x10 contiki-sky.a(abc.o)
                0x0000000000006c5a                abc_sent
 .text.announcement_init
                0x0000000000006c6a        0xa contiki-sky.a(announcement.o)
                0x0000000000006c6a                announcement_init
 .text.announcement_register_observer_callback
                0x0000000000006c74        0x6 contiki-sky.a(announcement.o)
                0x0000000000006c74                announcement_register_observer_callback
 .text.announcement_list
                0x0000000000006c7a        0xa contiki-sky.a(announcement.o)
                0x0000000000006c7a                announcement_list
 .text.announcement_heard
                0x0000000000006c84       0x42 contiki-sky.a(announcement.o)
                0x0000000000006c84                announcement_heard
 .text.input_packet
                0x0000000000006cc6        0x6 contiki-sky.a(csma.o)
 .text.on       0x0000000000006ccc        0x6 contiki-sky.a(csma.o)
 .text.off      0x0000000000006cd2        0x6 contiki-sky.a(csma.o)
 .text.channel_check_interval
                0x0000000000006cd8       0x10 contiki-sky.a(csma.o)
 .text.transmit_packet_list
                0x0000000000006ce8       0x24 contiki-sky.a(csma.o)
 .text.send_packet
                0x0000000000006d0c      0x184 contiki-sky.a(csma.o)
 .text.init     0x0000000000006e90       0x1a contiki-sky.a(csma.o)
 .text.free_packet
                0x0000000000006eaa       0x98 contiki-sky.a(csma.o)
 .text.packet_sent
                0x0000000000006f42      0x12e contiki-sky.a(csma.o)
 .text.mac_call_sent_callback
                0x0000000000007070       0x14 contiki-sky.a(mac.o)
                0x0000000000007070                mac_call_sent_callback
 .text.queuebuf_init
                0x0000000000007084       0x12 contiki-sky.a(queuebuf.o)
                0x0000000000007084                queuebuf_init
 .text.queuebuf_new_from_packetbuf
                0x0000000000007096       0x52 contiki-sky.a(queuebuf.o)
                0x0000000000007096                queuebuf_new_from_packetbuf
 .text.queuebuf_update_attr_from_packetbuf
                0x00000000000070e8       0x12 contiki-sky.a(queuebuf.o)
                0x00000000000070e8                queuebuf_update_attr_from_packetbuf
 .text.queuebuf_update_from_packetbuf
                0x00000000000070fa       0x22 contiki-sky.a(queuebuf.o)
                0x00000000000070fa                queuebuf_update_from_packetbuf
 .text.queuebuf_free
                0x000000000000711c       0x2a contiki-sky.a(queuebuf.o)
                0x000000000000711c                queuebuf_free
 .text.queuebuf_to_packetbuf
                0x0000000000007146       0x32 contiki-sky.a(queuebuf.o)
                0x0000000000007146                queuebuf_to_packetbuf
 .text.queuebuf_attr
                0x0000000000007178        0xe contiki-sky.a(queuebuf.o)
                0x0000000000007178                queuebuf_attr
 .text.packetbuf_compact
                0x0000000000007186       0x2e contiki-sky.a(packetbuf.o)
                0x0000000000007186                packetbuf_compact
 .text.packetbuf_copyto
                0x00000000000071b4       0x52 contiki-sky.a(packetbuf.o)
                0x00000000000071b4                packetbuf_copyto
 .text.packetbuf_hdrreduce
                0x0000000000007206       0x1a contiki-sky.a(packetbuf.o)
                0x0000000000007206                packetbuf_hdrreduce
 .text.packetbuf_set_datalen
                0x0000000000007220        0x6 contiki-sky.a(packetbuf.o)
                0x0000000000007220                packetbuf_set_datalen
 .text.packetbuf_dataptr
                0x0000000000007226        0xe contiki-sky.a(packetbuf.o)
                0x0000000000007226                packetbuf_dataptr
 .text.packetbuf_hdrptr
                0x0000000000007234        0xa contiki-sky.a(packetbuf.o)
                0x0000000000007234                packetbuf_hdrptr
 .text.packetbuf_datalen
                0x000000000000723e        0x6 contiki-sky.a(packetbuf.o)
                0x000000000000723e                packetbuf_datalen
 .text.packetbuf_hdrlen
                0x0000000000007244       0x10 contiki-sky.a(packetbuf.o)
                0x0000000000007244                packetbuf_hdrlen
 .text.packetbuf_totlen
                0x0000000000007254        0xc contiki-sky.a(packetbuf.o)
                0x0000000000007254                packetbuf_totlen
 .text.packetbuf_hdralloc
                0x0000000000007260       0x2e contiki-sky.a(packetbuf.o)
                0x0000000000007260                packetbuf_hdralloc
 .text.packetbuf_attr_clear
                0x000000000000728e       0x2c contiki-sky.a(packetbuf.o)
                0x000000000000728e                packetbuf_attr_clear
 .text.packetbuf_clear
                0x00000000000072ba       0x1a contiki-sky.a(packetbuf.o)
                0x00000000000072ba                packetbuf_clear
 .text.packetbuf_copyfrom
                0x00000000000072d4       0x2e contiki-sky.a(packetbuf.o)
                0x00000000000072d4                packetbuf_copyfrom
 .text.packetbuf_attr_copyto
                0x0000000000007302       0x20 contiki-sky.a(packetbuf.o)
                0x0000000000007302                packetbuf_attr_copyto
 .text.packetbuf_attr_copyfrom
                0x0000000000007322       0x22 contiki-sky.a(packetbuf.o)
                0x0000000000007322                packetbuf_attr_copyfrom
 .text.packetbuf_holds_broadcast
                0x0000000000007344        0xe contiki-sky.a(packetbuf.o)
                0x0000000000007344                packetbuf_holds_broadcast
 .text.linkaddr_copy
                0x0000000000007352        0xc contiki-sky.a(linkaddr.o)
                0x0000000000007352                linkaddr_copy
 .text.linkaddr_cmp
                0x000000000000735e       0x12 contiki-sky.a(linkaddr.o)
                0x000000000000735e                linkaddr_cmp
 .text.linkaddr_set_node_addr
                0x0000000000007370        0xc contiki-sky.a(linkaddr.o)
                0x0000000000007370                linkaddr_set_node_addr
 .text.duty_cycle
                0x000000000000737c        0x6 contiki-sky.a(contikimac.o)
 .text.init     0x0000000000007382       0x2a contiki-sky.a(contikimac.o)
 .text.on       0x00000000000073ac       0x1a contiki-sky.a(contikimac.o)
 .text.off      0x00000000000073c6       0x22 contiki-sky.a(contikimac.o)
 .text.recv_burst_off
                0x00000000000073e8        0xa contiki-sky.a(contikimac.o)
 .text.turn_off
                0x00000000000073f2       0x20 contiki-sky.a(contikimac.o)
 .text.turn_on  0x0000000000007412       0x30 contiki-sky.a(contikimac.o)
 .text.schedule_powercycle_fixed.part.4
                0x0000000000007442       0x36 contiki-sky.a(contikimac.o)
 .text.powercycle_turn_radio_off
                0x0000000000007478       0x30 contiki-sky.a(contikimac.o)
 .text.powercycle
                0x00000000000074a8      0x1d2 contiki-sky.a(contikimac.o)
 .text.input_packet
                0x000000000000767a       0xb2 contiki-sky.a(contikimac.o)
 .text.send_packet.isra.7
                0x000000000000772c      0x1ec contiki-sky.a(contikimac.o)
 .text.qsend_list
                0x0000000000007918       0xc4 contiki-sky.a(contikimac.o)
 .text.qsend_packet
                0x00000000000079dc       0x28 contiki-sky.a(contikimac.o)
 .text.hdr_length
                0x0000000000007a04        0x8 contiki-sky.a(contikimac-fram)
 .text.parse    0x0000000000007a0c       0x3e contiki-sky.a(contikimac-fram)
 .text.create   0x0000000000007a4a       0x2a contiki-sky.a(contikimac-fram)
 .text.create_and_secure
                0x0000000000007a74       0x6a contiki-sky.a(contikimac-fram)
 .text.bootstrap
                0x0000000000007ade        0x4 contiki-sky.a(nullsec.o)
 .text.send     0x0000000000007ae2        0xa contiki-sky.a(nullsec.o)
 .text.on_frame_created
                0x0000000000007aec        0x4 contiki-sky.a(nullsec.o)
 .text.input    0x0000000000007af0        0x6 contiki-sky.a(nullsec.o)
 .text.get_overhead
                0x0000000000007af6        0x4 contiki-sky.a(nullsec.o)
 .text.spi_init
                0x0000000000007afa       0x32 contiki-sky.a(spi.o)
                0x0000000000007afa                spi_init
 .text.compower_accumulate
                0x0000000000007b2c       0x72 contiki-sky.a(compower.o)
                0x0000000000007b2c                compower_accumulate
 .text.compower_clear
                0x0000000000007b9e       0x12 contiki-sky.a(compower.o)
                0x0000000000007b9e                compower_clear
 .text.compower_attrconv
                0x0000000000007bb0       0x10 contiki-sky.a(compower.o)
                0x0000000000007bb0                compower_attrconv
 .text.header_size
                0x0000000000007bc0       0x16 contiki-sky.a(chameleon-bitop)
 .text.get_bits_in_byte
                0x0000000000007bd6       0x3a contiki-sky.a(chameleon-bitop)
                0x0000000000007bd6                get_bits_in_byte
 .text.get_bits
                0x0000000000007c10       0xa4 contiki-sky.a(chameleon-bitop)
                0x0000000000007c10                get_bits
 .text.unpack_header
                0x0000000000007cb4       0xd6 contiki-sky.a(chameleon-bitop)
 .text.set_bits_in_byte
                0x0000000000007d8a       0x2c contiki-sky.a(chameleon-bitop)
                0x0000000000007d8a                set_bits_in_byte
 .text.set_bits
                0x0000000000007db6       0xd2 contiki-sky.a(chameleon-bitop)
                0x0000000000007db6                set_bits
 .text.pack_header
                0x0000000000007e88       0xbc contiki-sky.a(chameleon-bitop)
 .text.mac_sequence_is_duplicate
                0x0000000000007f44       0x3c contiki-sky.a(mac-sequence.o)
                0x0000000000007f44                mac_sequence_is_duplicate
 .text.mac_sequence_register_seqno
                0x0000000000007f80       0x64 contiki-sky.a(mac-sequence.o)
                0x0000000000007f80                mac_sequence_register_seqno
 .text.parse    0x0000000000007fe4       0x9e contiki-sky.a(framer-802154.o)
 .text.create_frame.isra.0
                0x0000000000008082      0x104 contiki-sky.a(framer-802154.o)
 .text.create   0x0000000000008186        0x8 contiki-sky.a(framer-802154.o)
 .text.hdr_length
                0x000000000000818e        0x8 contiki-sky.a(framer-802154.o)
 .text.field_len
                0x0000000000008196       0x98 contiki-sky.a(frame802154.o)
 .text.frame802154_hdrlen
                0x000000000000822e       0x2e contiki-sky.a(frame802154.o)
                0x000000000000822e                frame802154_hdrlen
 .text.frame802154_create
                0x000000000000825c      0x146 contiki-sky.a(frame802154.o)
                0x000000000000825c                frame802154_create
 .text.frame802154_parse
                0x00000000000083a2      0x1da contiki-sky.a(frame802154.o)
                0x00000000000083a2                frame802154_parse
 .text.framer_canonical_create_and_secure
                0x000000000000857c       0x20 contiki-sky.a(framer.o)
                0x000000000000857c                framer_canonical_create_and_secure
 .text.libgcc   0x000000000000859c       0x2c /usr/lib/gcc/msp430/4.6.3/mmpy-16/libgcc.a(_mulsi3.o)
                0x000000000000859c                __mulsi3
 .text.libgcc   0x00000000000085c8       0x22 /usr/lib/gcc/msp430/4.6.3/mmpy-16/libgcc.a(_udivmod16.o)
                0x00000000000085c8                __udivhi3
                0x00000000000085c8                __ext_udivmod16
                0x00000000000085e2                __umodhi3
 .text.libgcc   0x00000000000085ea       0x40 /usr/lib/gcc/msp430/4.6.3/mmpy-16/libgcc.a(_udivmod32.o)
                0x00000000000085ea                __udivsi3
                0x00000000000085ea                __ext_udivmod32
                0x0000000000008620                __umodsi3
 .text          0x000000000000862a       0x20 /usr/lib/gcc/msp430/4.6.3/../../../../msp430/lib/mmpy-16/libc.a(memcmp.o)
                0x000000000000862a                memcmp
 .text          0x000000000000864a       0xfa /usr/lib/gcc/msp430/4.6.3/../../../../msp430/lib/mmpy-16/libc.a(memcpy.o)
                0x000000000000864a                memcpy
 .text          0x0000000000008744       0x6a /usr/lib/gcc/msp430/4.6.3/../../../../msp430/lib/mmpy-16/libc.a(memset.o)
                0x0000000000008744                memset
 .text          0x00000000000087ae       0x1e /usr/lib/gcc/msp430/4.6.3/../../../../msp430/lib/mmpy-16/libc.a(printf.o)
                0x00000000000087ae                printf
                0x00000000000087be                vprintf
 .text          0x00000000000087cc      0x836 /usr/lib/gcc/msp430/4.6.3/../../../../msp430/lib/mmpy-16/libc.a(vuprintf.o)
                0x0000000000008964                vuprintf
 .text          0x0000000000009002       0x2c /usr/lib/gcc/msp430/4.6.3/../../../../msp430/lib/mmpy-16/libc.a(puts.o)
                0x0000000000009002                puts
 .text          0x000000000000902e       0x54 /usr/lib/gcc/msp430/4.6.3/../../../../msp430/lib/mmpy-16/libc.a(rand.o)
                0x000000000000902e                rand_r
                0x0000000000009052                rand
                0x0000000000009078                srand
 .text.libgcc   0x0000000000009082       0xf0 /usr/lib/gcc/msp430/4.6.3/mmpy-16/libgcc.a(_udivmod64.o)
                0x0000000000009082                __xabi_udivmod64
                0x00000000000090e0                __udivdi3
                0x0000000000009106                __umoddi3
                0x0000000000009134                __udivmoddi4
 .text.crt0     0x0000000000009172        0x2 /usr/lib/gcc/msp430/4.6.3/mmpy-16/libcrt0.a(_unexpected_.o)
                0x0000000000009172                _unexpected_
                0x0000000000009174                . = ALIGN (0x2)

.rodata         0x0000000000009174      0x2d2
                0x0000000000009174                . = ALIGN (0x2)
 *(.rodata .rodata.* .gnu.linkonce.r.*)
 .rodata        0x0000000000009174       0xca example-neighbors.co
                0x000000000000920e                autostart_processes
 .rodata        0x000000000000923e       0xd7 obj_sky/contiki-sky-main.o
 *fill*         0x0000000000009315        0x1 00
 .rodata        0x0000000000009316       0x10 contiki-sky.a(button-sensor.o)
                0x000000000000931e                button_sensor
 .rodata        0x0000000000009326        0x8 contiki-sky.a(sensors.o)
 .rodata        0x000000000000932e       0x5a contiki-sky.a(cc2420.o)
                0x000000000000934a                cc2420_aes_128_driver
                0x000000000000934e                cc2420_driver
 .rodata        0x0000000000009388        0xf contiki-sky.a(ctimer.o)
 .rodata        0x0000000000009397        0xc contiki-sky.a(etimer.o)
 .rodata        0x00000000000093a3        0xe contiki-sky.a(serial-line.o)
 *fill*         0x00000000000093b1        0x1 00
 .rodata        0x00000000000093b2        0xc contiki-sky.a(rime.o)
                0x00000000000093b8                rime_driver
 .rodata        0x00000000000093be        0x4 contiki-sky.a(broadcast-annou)
 .rodata        0x00000000000093c2        0x8 contiki-sky.a(broadcast.o)
 .rodata        0x00000000000093ca        0xa contiki-sky.a(unicast.o)
 .rodata        0x00000000000093d4        0x2 contiki-sky.a(abc.o)
 .rodata        0x00000000000093d6       0x14 contiki-sky.a(csma.o)
                0x00000000000093dc                csma_driver
 .rodata        0x00000000000093ea        0x2 contiki-sky.a(linkaddr.o)
                0x00000000000093ea                linkaddr_null
 .rodata        0x00000000000093ec       0x1c contiki-sky.a(contikimac.o)
                0x00000000000093f8                contikimac_driver
 .rodata        0x0000000000009408        0x8 contiki-sky.a(contikimac-fram)
                0x0000000000009408                contikimac_framer
 .rodata        0x0000000000009410       0x14 contiki-sky.a(nullsec.o)
                0x0000000000009418                nullsec_driver
 .rodata        0x0000000000009424       0x10 contiki-sky.a(chameleon-bitop)
                0x0000000000009424                chameleon_bitopt
 .rodata        0x0000000000009434        0x8 contiki-sky.a(framer-802154.o)
                0x0000000000009434                framer_802154
 .rodata        0x000000000000943c        0x2 contiki-sky.a(frame802154.o)
 .rodata        0x000000000000943e        0x7 /usr/lib/gcc/msp430/4.6.3/../../../../msp430/lib/mmpy-16/libc.a(vuprintf.o)
                0x0000000000009446                . = ALIGN (0x2)
 *fill*         0x0000000000009445        0x1 00
                0x0000000000009446                _etext = .

.data           0x0000000000001100       0x80 load address 0x0000000000009446
                0x0000000000001100                . = ALIGN (0x2)
                0x0000000000001100                PROVIDE (__data_start, .)
 *(.data .data.* .gnu.linkonce.d.*)
 .data          0x0000000000001100       0x1c example-neighbors.co
                0x0000000000001100                unicast_process
                0x000000000000110a                broadcast_process
 .data          0x000000000000111c        0x4 contiki-sky.a(contiki-sky-pla)
                0x000000000000111c                sensors
 .data          0x0000000000001120        0xa contiki-sky.a(sensors.o)
                0x0000000000001120                sensors_process
 .data          0x000000000000112a        0xa contiki-sky.a(cc2420.o)
                0x000000000000112a                cc2420_process
 .data          0x0000000000001134        0x2 contiki-sky.a(msp430.o)
 .data          0x0000000000001136        0xa contiki-sky.a(ctimer.o)
                0x0000000000001136                ctimer_process
 .data          0x0000000000001140        0xa contiki-sky.a(etimer.o)
                0x0000000000001140                etimer_process
 .data          0x000000000000114a        0xa contiki-sky.a(serial-line.o)
                0x000000000000114a                serial_line_process
 .data          0x0000000000001154       0x18 contiki-sky.a(csma.o)
 .data          0x000000000000116c       0x10 contiki-sky.a(queuebuf.o)
 .data          0x000000000000117c        0x4 /usr/lib/gcc/msp430/4.6.3/../../../../msp430/lib/mmpy-16/libc.a(rand.o)
                0x0000000000001180                . = ALIGN (0x2)
                0x0000000000001180                _edata = .
                0x0000000000009446                PROVIDE (__data_load_start, LOADADDR (.data))
                0x0000000000000080                PROVIDE (__data_size, SIZEOF (.data))

.bss            0x0000000000001180     0x12d2 load address 0x00000000000094c6
                0x0000000000001180                PROVIDE (__bss_start, .)
 *(.bss .bss.*)
 .bss           0x0000000000001180      0x126 example-neighbors.co
 .bss           0x00000000000012a6        0xc obj_sky/contiki-sky-main.o
 .bss           0x00000000000012b2        0x8 contiki-sky.a(button-sensor.o)
 .bss           0x00000000000012ba        0x2 contiki-sky.a(node-id.o)
                0x00000000000012ba                node_id
 .bss           0x00000000000012bc        0x6 contiki-sky.a(sensors.o)
 .bss           0x00000000000012c2        0x8 contiki-sky.a(cc2420.o)
 .bss           0x00000000000012ca       0x9a contiki-sky.a(uart1.o)
 .bss           0x0000000000001364        0xa contiki-sky.a(clock.o)
 .bss           0x000000000000136e        0x1 contiki-sky.a(leds.o)
 *fill*         0x000000000000136f        0x1 00
 .bss           0x0000000000001370        0x2 contiki-sky.a(watchdog.o)
 .bss           0x0000000000001372        0x4 contiki-sky.a(ctimer.o)
 .bss           0x0000000000001376        0x6 contiki-sky.a(etimer.o)
 .bss           0x000000000000137c       0x42 contiki-sky.a(process.o)
                0x000000000000137c                process_current
                0x000000000000137e                process_list
 .bss           0x00000000000013be        0x2 contiki-sky.a(rtimer.o)
 .bss           0x00000000000013c0      0x10a contiki-sky.a(serial-line.o)
 .bss           0x00000000000014ca        0x2 contiki-sky.a(rime.o)
 .bss           0x00000000000014cc       0x46 contiki-sky.a(broadcast-annou)
 .bss           0x0000000000001512        0x2 contiki-sky.a(channel.o)
 .bss           0x0000000000001514        0x6 contiki-sky.a(announcement.o)
 .bss           0x000000000000151a      0x128 contiki-sky.a(csma.o)
 .bss           0x0000000000001642      0xc20 contiki-sky.a(queuebuf.o)
 .bss           0x0000000000002262       0xb8 contiki-sky.a(packetbuf.o)
 .bss           0x000000000000231a       0x32 contiki-sky.a(contikimac.o)
 .bss           0x000000000000234c        0x8 contiki-sky.a(compower.o)
 .bss           0x0000000000002354       0x40 contiki-sky.a(mac-sequence.o)
 .bss           0x0000000000002394        0x2 contiki-sky.a(framer-802154.o)
 *(COMMON)
 COMMON         0x0000000000002396        0x2 contiki-sky.a(contiki-sky-pla)
                0x0000000000002396                sensors_flags
 COMMON         0x0000000000002398        0x8 contiki-sky.a(ds2411.o)
                0x0000000000002398                ds2411_id
 COMMON         0x00000000000023a0        0x1 contiki-sky.a(sensors.o)
                0x00000000000023a0                sensors_event
 *fill*         0x00000000000023a1        0x1 00
 COMMON         0x00000000000023a2       0x10 contiki-sky.a(cc2420.o)
                0x00000000000023a2                cc2420_last_rssi
                0x00000000000023a4                cc2420_sfd_start_time
                0x00000000000023a6                cc2420_time_of_departure
                0x00000000000023a8                cc2420_time_of_arrival
                0x00000000000023aa                cc2420_last_correlation
                0x00000000000023ac                cc2420_authority_level_of_sender
                0x00000000000023ae                cc2420_sfd_counter
                0x00000000000023b0                cc2420_sfd_end_time
 COMMON         0x00000000000023b2        0x2 contiki-sky.a(msp430.o)
                0x00000000000023b2                msp430_dco_required
 COMMON         0x00000000000023b4       0x56 contiki-sky.a(energest.o)
                0x00000000000023b4                energest_total_time
                0x00000000000023e4                energest_total_count
                0x00000000000023e6                energest_current_mode
                0x00000000000023f2                energest_current_time
 COMMON         0x000000000000240a        0x1 contiki-sky.a(process.o)
                0x000000000000240a                process_maxevents
 COMMON         0x000000000000240b        0x1 contiki-sky.a(serial-line.o)
                0x000000000000240b                serial_line_event_message
 COMMON         0x000000000000240c       0x3c contiki-sky.a(packetbuf.o)
                0x000000000000240c                packetbuf_addrs
                0x0000000000002414                packetbuf_attrs
 COMMON         0x0000000000002448        0x2 contiki-sky.a(linkaddr.o)
                0x0000000000002448                linkaddr_node_addr
 COMMON         0x000000000000244a        0x8 contiki-sky.a(compower.o)
                0x000000000000244a                compower_idle_activity
                0x0000000000002452                . = ALIGN (0x2)
                0x0000000000002452                PROVIDE (__bss_end, .)
                0x00000000000012d2                PROVIDE (__bss_size, SIZEOF (.bss))

.noinit         0x0000000000002452        0x2 load address 0x00000000000094c6
                0x0000000000002452                PROVIDE (__noinit_start, .)
 *(.noinit .noinit.*)
 .noinit.crt0   0x0000000000002452        0x2 /usr/lib/gcc/msp430/4.6.3/mmpy-16/libcrt0.a(__watchdog_support.o)
                0x0000000000002452                __wdt_clear_value
                0x0000000000002454                . = ALIGN (0x2)
                0x0000000000002454                PROVIDE (__noinit_end, .)
                0x0000000000002454                . = ALIGN (0x2)
                0x0000000000002454                _end = .

.infomem        0x0000000000001000        0x0
 *(.infomem)
                0x0000000000001000                . = ALIGN (0x2)
 *(.infomem.*)

.infomemnobits  0x0000000000001000        0x0
 *(.infomemnobits)
                0x0000000000001000                . = ALIGN (0x2)
 *(.infomemnobits.*)

.infoa
 *(.infoa .infoa.*)

.infob
 *(.infob .infob.*)

.infoc
 *(.infoc .infoc.*)

.infod
 *(.infod .infod.*)

.vectors        0x000000000000ffe0       0x20
                0x000000000000ffe0                PROVIDE (__vectors_start, .)
 *(.vectors*)
 .vectors       0x000000000000ffe0       0x20 /usr/lib/gcc/msp430/4.6.3/mmpy-16/crt0ivtbl16.o
                0x000000000000ffe0                __ivtbl_16
                0x0000000000010000                _vectors_end = .

.fartext        0x0000000000000000        0x0
                0x0000000000000000                . = ALIGN (0x2)
 *(.fartext)
                0x0000000000000000                . = ALIGN (0x2)
 *(.fartext.*)
                0x0000000000000000                _efartext = .

.profiler
 *(.profiler)

.stab           0x0000000000000000    0x1a13c
 *(.stab)
 .stab          0x0000000000000000     0x16d4 example-neighbors.co
 .stab          0x00000000000016d4     0x108c obj_sky/contiki-sky-main.o
                                       0x17ac (size before relaxing)
 .stab          0x0000000000002760      0x264 contiki-sky.a(contiki-sky-pla)
                                        0x5b8 (size before relaxing)
 .stab          0x00000000000029c4      0x468 contiki-sky.a(button-sensor.o)
                                        0x7d4 (size before relaxing)
 .stab          0x0000000000002e2c      0x624 contiki-sky.a(ds2411.o)
                                        0xb40 (size before relaxing)
 .stab          0x0000000000003450      0xbac contiki-sky.a(xmem.o)
                                        0xf60 (size before relaxing)
 .stab          0x0000000000003ffc      0x2b8 contiki-sky.a(node-id.o)
                                        0x4e0 (size before relaxing)
 .stab          0x00000000000042b4      0x654 contiki-sky.a(sensors.o)
                                        0xb70 (size before relaxing)
 .stab          0x0000000000004908     0x237c contiki-sky.a(cc2420.o)
                                       0x2cc4 (size before relaxing)
 .stab          0x0000000000006c84      0x9d8 contiki-sky.a(cc2420-arch.o)
                                       0x1404 (size before relaxing)
 .stab          0x000000000000765c      0x60c contiki-sky.a(uart1.o)
                                        0x960 (size before relaxing)
 .stab          0x0000000000007c68      0x27c contiki-sky.a(uart1-putchar.o)
                                        0x7bc (size before relaxing)
 .stab          0x0000000000007ee4      0x744 contiki-sky.a(msp430.o)
                                        0xa98 (size before relaxing)
 .stab          0x0000000000008628      0x948 contiki-sky.a(clock.o)
                                        0xc9c (size before relaxing)
 .stab          0x0000000000008f70      0x5dc contiki-sky.a(leds.o)
                                        0x828 (size before relaxing)
 .stab          0x000000000000954c      0x3a8 contiki-sky.a(leds-arch.o)
                                        0x6fc (size before relaxing)
 .stab          0x00000000000098f4      0x3fc contiki-sky.a(watchdog.o)
                                        0x750 (size before relaxing)
 .stab          0x0000000000009cf0      0x3cc contiki-sky.a(rtimer-arch.o)
                                        0x720 (size before relaxing)
 .stab          0x000000000000a0bc      0x294 contiki-sky.a(autostart.o)
                                        0x534 (size before relaxing)
 .stab          0x000000000000a350      0x7a4 contiki-sky.a(ctimer.o)
                                        0xb10 (size before relaxing)
 .stab          0x000000000000aaf4      0x474 contiki-sky.a(energest.o)
                                        0x6fc (size before relaxing)
 .stab          0x000000000000af68      0xa38 contiki-sky.a(etimer.o)
                                        0xd08 (size before relaxing)
 .stab          0x000000000000b9a0      0xb7c contiki-sky.a(process.o)
                                       0x1014 (size before relaxing)
 .stab          0x000000000000c51c      0x3d8 contiki-sky.a(rtimer.o)
                                        0x6c0 (size before relaxing)
 .stab          0x000000000000c8f4      0x354 contiki-sky.a(timer.o)
                                        0x594 (size before relaxing)
 .stab          0x000000000000cc48      0x534 contiki-sky.a(serial-line.o)
                                        0xa50 (size before relaxing)
 .stab          0x000000000000d17c      0x7f8 contiki-sky.a(list.o)
                                        0x804 (size before relaxing)
 .stab          0x000000000000d974      0x5c4 contiki-sky.a(memb.o)
                                        0xaf8 (size before relaxing)
 .stab          0x000000000000df38      0x24c contiki-sky.a(random.o)
                                        0x624 (size before relaxing)
 .stab          0x000000000000e184      0x3fc contiki-sky.a(ringbuf.o)
                                        0x63c (size before relaxing)
 .stab          0x000000000000e580      0xcd8 contiki-sky.a(rime.o)
                                       0x141c (size before relaxing)
 .stab          0x000000000000f258      0x948 contiki-sky.a(broadcast-annou)
                                       0x15c0 (size before relaxing)
 .stab          0x000000000000fba0      0x6d8 contiki-sky.a(broadcast.o)
                                       0x150c (size before relaxing)
 .stab          0x0000000000010278      0x5e8 contiki-sky.a(chameleon.o)
                                       0x123c (size before relaxing)
 .stab          0x0000000000010860      0x624 contiki-sky.a(channel.o)
                                       0x129c (size before relaxing)
 .stab          0x0000000000010e84      0x624 contiki-sky.a(unicast.o)
                                       0x129c (size before relaxing)
 .stab          0x00000000000114a8      0x66c contiki-sky.a(abc.o)
                                       0x14a0 (size before relaxing)
 .stab          0x0000000000011b14      0x6e4 contiki-sky.a(announcement.o)
                                        0x984 (size before relaxing)
 .stab          0x00000000000121f8      0xe04 contiki-sky.a(csma.o)
                                       0x15b4 (size before relaxing)
 .stab          0x0000000000012ffc      0x1f8 contiki-sky.a(mac.o)
                                        0x4ec (size before relaxing)
 .stab          0x00000000000131f4      0xa5c contiki-sky.a(queuebuf.o)
                                       0x1890 (size before relaxing)
 .stab          0x0000000000013c50      0xda4 contiki-sky.a(packetbuf.o)
                                       0x1bf0 (size before relaxing)
 .stab          0x00000000000149f4      0x2c4 contiki-sky.a(linkaddr.o)
                                        0x6c0 (size before relaxing)
 .stab          0x0000000000014cb8     0x16ec contiki-sky.a(contikimac.o)
                                       0x22f8 (size before relaxing)
 .stab          0x00000000000163a4      0x6e4 contiki-sky.a(contikimac-fram)
                                        0xf24 (size before relaxing)
 .stab          0x0000000000016a88      0x6a8 contiki-sky.a(nullsec.o)
                                        0xda4 (size before relaxing)
 .stab          0x0000000000017130      0x204 contiki-sky.a(spi.o)
                                        0x42c (size before relaxing)
 .stab          0x0000000000017334      0x51c contiki-sky.a(compower.o)
                                        0xd20 (size before relaxing)
 .stab          0x0000000000017850      0xd80 contiki-sky.a(chameleon-bitop)
                                       0x19f8 (size before relaxing)
 .stab          0x00000000000185d0      0x600 contiki-sky.a(mac-sequence.o)
                                       0x144c (size before relaxing)
 .stab          0x0000000000018bd0      0x930 contiki-sky.a(framer-802154.o)
                                        0xf6c (size before relaxing)
 .stab          0x0000000000019500      0x924 contiki-sky.a(frame802154.o)
                                       0x10f8 (size before relaxing)
 .stab          0x0000000000019e24      0x318 contiki-sky.a(framer.o)
                                        0xc54 (size before relaxing)

.stabstr        0x0000000000000000    0x16736
 *(.stabstr)
 .stabstr       0x0000000000000000    0x16736 example-neighbors.co

.stab.excl
 *(.stab.excl)

.stab.exclstr
 *(.stab.exclstr)

.stab.index
 *(.stab.index)

.stab.indexstr
 *(.stab.indexstr)

.comment
 *(.comment)

.debug
 *(.debug)

.line
 *(.line)

.debug_srcinfo
 *(.debug_srcinfo)

.debug_sfnames
 *(.debug_sfnames)

.debug_aranges  0x0000000000000000      0x168
 *(.debug_aranges)
 .debug_aranges
                0x0000000000000000       0x14 /usr/lib/gcc/msp430/4.6.3/mmpy-16/libgcc.a(_mulsi3.o)
 .debug_aranges
                0x0000000000000014       0x14 /usr/lib/gcc/msp430/4.6.3/mmpy-16/libgcc.a(_udivmod16.o)
 .debug_aranges
                0x0000000000000028       0x14 /usr/lib/gcc/msp430/4.6.3/mmpy-16/libgcc.a(_udivmod32.o)
 .debug_aranges
                0x000000000000003c       0x14 /usr/lib/gcc/msp430/4.6.3/../../../../msp430/lib/mmpy-16/libc.a(strncmp.o)
 .debug_aranges
                0x0000000000000050       0x14 /usr/lib/gcc/msp430/4.6.3/../../../../msp430/lib/mmpy-16/libc.a(memcmp.o)
 .debug_aranges
                0x0000000000000064       0x14 /usr/lib/gcc/msp430/4.6.3/../../../../msp430/lib/mmpy-16/libc.a(memcpy.o)
 .debug_aranges
                0x0000000000000078       0x14 /usr/lib/gcc/msp430/4.6.3/../../../../msp430/lib/mmpy-16/libc.a(memset.o)
 .debug_aranges
                0x000000000000008c       0x14 /usr/lib/gcc/msp430/4.6.3/../../../../msp430/lib/mmpy-16/libc.a(printf.o)
 .debug_aranges
                0x00000000000000a0       0x14 /usr/lib/gcc/msp430/4.6.3/../../../../msp430/lib/mmpy-16/libc.a(vuprintf.o)
 .debug_aranges
                0x00000000000000b4       0x14 /usr/lib/gcc/msp430/4.6.3/../../../../msp430/lib/mmpy-16/libc.a(puts.o)
 .debug_aranges
                0x00000000000000c8       0x14 /usr/lib/gcc/msp430/4.6.3/../../../../msp430/lib/mmpy-16/libc.a(rand.o)
 .debug_aranges
                0x00000000000000dc       0x14 /usr/lib/gcc/msp430/4.6.3/mmpy-16/libgcc.a(_udivmod64.o)
 .debug_aranges
                0x00000000000000f0       0x14 /usr/lib/gcc/msp430/4.6.3/mmpy-16/libcrt0.a(__watchdog_support.o)
 .debug_aranges
                0x0000000000000104       0x14 /usr/lib/gcc/msp430/4.6.3/mmpy-16/libcrt0.a(__init_stack.o)
 .debug_aranges
                0x0000000000000118       0x14 /usr/lib/gcc/msp430/4.6.3/mmpy-16/libcrt0.a(_copy_data.o)
 .debug_aranges
                0x000000000000012c       0x14 /usr/lib/gcc/msp430/4.6.3/mmpy-16/libcrt0.a(_clear_bss.o)
 .debug_aranges
                0x0000000000000140       0x14 /usr/lib/gcc/msp430/4.6.3/mmpy-16/libcrt0.a(_endless_loop__.o)
 .debug_aranges
                0x0000000000000154       0x14 /usr/lib/gcc/msp430/4.6.3/mmpy-16/libcrt0.a(_unexpected_.o)

.debug_pubnames
 *(.debug_pubnames)

.debug_info     0x0000000000000000     0x1477
 *(.debug_info)
 .debug_info    0x0000000000000000       0xec /usr/lib/gcc/msp430/4.6.3/mmpy-16/libgcc.a(_mulsi3.o)
 .debug_info    0x00000000000000ec       0xec /usr/lib/gcc/msp430/4.6.3/mmpy-16/libgcc.a(_udivmod16.o)
 .debug_info    0x00000000000001d8       0xec /usr/lib/gcc/msp430/4.6.3/mmpy-16/libgcc.a(_udivmod32.o)
 .debug_info    0x00000000000002c4       0xbb /usr/lib/gcc/msp430/4.6.3/../../../../msp430/lib/mmpy-16/libc.a(strncmp.o)
 .debug_info    0x000000000000037f       0xe8 /usr/lib/gcc/msp430/4.6.3/../../../../msp430/lib/mmpy-16/libc.a(memcmp.o)
 .debug_info    0x0000000000000467      0x113 /usr/lib/gcc/msp430/4.6.3/../../../../msp430/lib/mmpy-16/libc.a(memcpy.o)
 .debug_info    0x000000000000057a       0xfe /usr/lib/gcc/msp430/4.6.3/../../../../msp430/lib/mmpy-16/libc.a(memset.o)
 .debug_info    0x0000000000000678      0x105 /usr/lib/gcc/msp430/4.6.3/../../../../msp430/lib/mmpy-16/libc.a(printf.o)
 .debug_info    0x000000000000077d      0x565 /usr/lib/gcc/msp430/4.6.3/../../../../msp430/lib/mmpy-16/libc.a(vuprintf.o)
 .debug_info    0x0000000000000ce2       0x96 /usr/lib/gcc/msp430/4.6.3/../../../../msp430/lib/mmpy-16/libc.a(puts.o)
 .debug_info    0x0000000000000d78      0x13f /usr/lib/gcc/msp430/4.6.3/../../../../msp430/lib/mmpy-16/libc.a(rand.o)
 .debug_info    0x0000000000000eb7       0xec /usr/lib/gcc/msp430/4.6.3/mmpy-16/libgcc.a(_udivmod64.o)
 .debug_info    0x0000000000000fa3       0xce /usr/lib/gcc/msp430/4.6.3/mmpy-16/libcrt0.a(__watchdog_support.o)
 .debug_info    0x0000000000001071       0xce /usr/lib/gcc/msp430/4.6.3/mmpy-16/libcrt0.a(__init_stack.o)
 .debug_info    0x000000000000113f       0xce /usr/lib/gcc/msp430/4.6.3/mmpy-16/libcrt0.a(_copy_data.o)
 .debug_info    0x000000000000120d       0xce /usr/lib/gcc/msp430/4.6.3/mmpy-16/libcrt0.a(_clear_bss.o)
 .debug_info    0x00000000000012db       0xce /usr/lib/gcc/msp430/4.6.3/mmpy-16/libcrt0.a(_endless_loop__.o)
 .debug_info    0x00000000000013a9       0xce /usr/lib/gcc/msp430/4.6.3/mmpy-16/libcrt0.a(_unexpected_.o)
 *(.gnu.linkonce.wi.*)

.debug_abbrev   0x0000000000000000      0x721
 *(.debug_abbrev)
 .debug_abbrev  0x0000000000000000       0x14 /usr/lib/gcc/msp430/4.6.3/mmpy-16/libgcc.a(_mulsi3.o)
 .debug_abbrev  0x0000000000000014       0x14 /usr/lib/gcc/msp430/4.6.3/mmpy-16/libgcc.a(_udivmod16.o)
 .debug_abbrev  0x0000000000000028       0x14 /usr/lib/gcc/msp430/4.6.3/mmpy-16/libgcc.a(_udivmod32.o)
 .debug_abbrev  0x000000000000003c       0x7c /usr/lib/gcc/msp430/4.6.3/../../../../msp430/lib/mmpy-16/libc.a(strncmp.o)
 .debug_abbrev  0x00000000000000b8       0x9b /usr/lib/gcc/msp430/4.6.3/../../../../msp430/lib/mmpy-16/libc.a(memcmp.o)
 .debug_abbrev  0x0000000000000153       0x97 /usr/lib/gcc/msp430/4.6.3/../../../../msp430/lib/mmpy-16/libc.a(memcpy.o)
 .debug_abbrev  0x00000000000001ea       0x9c /usr/lib/gcc/msp430/4.6.3/../../../../msp430/lib/mmpy-16/libc.a(memset.o)
 .debug_abbrev  0x0000000000000286       0xd0 /usr/lib/gcc/msp430/4.6.3/../../../../msp430/lib/mmpy-16/libc.a(printf.o)
 .debug_abbrev  0x0000000000000356      0x1ef /usr/lib/gcc/msp430/4.6.3/../../../../msp430/lib/mmpy-16/libc.a(vuprintf.o)
 .debug_abbrev  0x0000000000000545       0x60 /usr/lib/gcc/msp430/4.6.3/../../../../msp430/lib/mmpy-16/libc.a(puts.o)
 .debug_abbrev  0x00000000000005a5       0xf0 /usr/lib/gcc/msp430/4.6.3/../../../../msp430/lib/mmpy-16/libc.a(rand.o)
 .debug_abbrev  0x0000000000000695       0x14 /usr/lib/gcc/msp430/4.6.3/mmpy-16/libgcc.a(_udivmod64.o)
 .debug_abbrev  0x00000000000006a9       0x14 /usr/lib/gcc/msp430/4.6.3/mmpy-16/libcrt0.a(__watchdog_support.o)
 .debug_abbrev  0x00000000000006bd       0x14 /usr/lib/gcc/msp430/4.6.3/mmpy-16/libcrt0.a(__init_stack.o)
 .debug_abbrev  0x00000000000006d1       0x14 /usr/lib/gcc/msp430/4.6.3/mmpy-16/libcrt0.a(_copy_data.o)
 .debug_abbrev  0x00000000000006e5       0x14 /usr/lib/gcc/msp430/4.6.3/mmpy-16/libcrt0.a(_clear_bss.o)
 .debug_abbrev  0x00000000000006f9       0x14 /usr/lib/gcc/msp430/4.6.3/mmpy-16/libcrt0.a(_endless_loop__.o)
 .debug_abbrev  0x000000000000070d       0x14 /usr/lib/gcc/msp430/4.6.3/mmpy-16/libcrt0.a(_unexpected_.o)

.debug_line     0x0000000000000000      0xcdd
 *(.debug_line)
 .debug_line    0x0000000000000000       0xae /usr/lib/gcc/msp430/4.6.3/mmpy-16/libgcc.a(_mulsi3.o)
 .debug_line    0x00000000000000ae       0xa7 /usr/lib/gcc/msp430/4.6.3/mmpy-16/libgcc.a(_udivmod16.o)
 .debug_line    0x0000000000000155       0xb6 /usr/lib/gcc/msp430/4.6.3/mmpy-16/libgcc.a(_udivmod32.o)
 .debug_line    0x000000000000020b       0x75 /usr/lib/gcc/msp430/4.6.3/../../../../msp430/lib/mmpy-16/libc.a(strncmp.o)
 .debug_line    0x0000000000000280       0x73 /usr/lib/gcc/msp430/4.6.3/../../../../msp430/lib/mmpy-16/libc.a(memcmp.o)
 .debug_line    0x00000000000002f3       0xe9 /usr/lib/gcc/msp430/4.6.3/../../../../msp430/lib/mmpy-16/libc.a(memcpy.o)
 .debug_line    0x00000000000003dc       0xc8 /usr/lib/gcc/msp430/4.6.3/../../../../msp430/lib/mmpy-16/libc.a(memset.o)
 .debug_line    0x00000000000004a4       0x72 /usr/lib/gcc/msp430/4.6.3/../../../../msp430/lib/mmpy-16/libc.a(printf.o)
 .debug_line    0x0000000000000516      0x2d2 /usr/lib/gcc/msp430/4.6.3/../../../../msp430/lib/mmpy-16/libc.a(vuprintf.o)
 .debug_line    0x00000000000007e8       0x4d /usr/lib/gcc/msp430/4.6.3/../../../../msp430/lib/mmpy-16/libc.a(puts.o)
 .debug_line    0x0000000000000835       0x4f /usr/lib/gcc/msp430/4.6.3/../../../../msp430/lib/mmpy-16/libc.a(rand.o)
 .debug_line    0x0000000000000884       0xfc /usr/lib/gcc/msp430/4.6.3/mmpy-16/libgcc.a(_udivmod64.o)
 .debug_line    0x0000000000000980       0x8f /usr/lib/gcc/msp430/4.6.3/mmpy-16/libcrt0.a(__watchdog_support.o)
 .debug_line    0x0000000000000a0f       0x8d /usr/lib/gcc/msp430/4.6.3/mmpy-16/libcrt0.a(__init_stack.o)
 .debug_line    0x0000000000000a9c       0x93 /usr/lib/gcc/msp430/4.6.3/mmpy-16/libcrt0.a(_copy_data.o)
 .debug_line    0x0000000000000b2f       0x93 /usr/lib/gcc/msp430/4.6.3/mmpy-16/libcrt0.a(_clear_bss.o)
 .debug_line    0x0000000000000bc2       0x8e /usr/lib/gcc/msp430/4.6.3/mmpy-16/libcrt0.a(_endless_loop__.o)
 .debug_line    0x0000000000000c50       0x8d /usr/lib/gcc/msp430/4.6.3/mmpy-16/libcrt0.a(_unexpected_.o)

.debug_frame    0x0000000000000000      0x1ec
 *(.debug_frame)
 .debug_frame   0x0000000000000000       0x24 /usr/lib/gcc/msp430/4.6.3/../../../../msp430/lib/mmpy-16/libc.a(strncmp.o)
 .debug_frame   0x0000000000000024       0x24 /usr/lib/gcc/msp430/4.6.3/../../../../msp430/lib/mmpy-16/libc.a(memcmp.o)
 .debug_frame   0x0000000000000048       0x38 /usr/lib/gcc/msp430/4.6.3/../../../../msp430/lib/mmpy-16/libc.a(memcpy.o)
 .debug_frame   0x0000000000000080       0x32 /usr/lib/gcc/msp430/4.6.3/../../../../msp430/lib/mmpy-16/libc.a(memset.o)
 .debug_frame   0x00000000000000b2       0x2a /usr/lib/gcc/msp430/4.6.3/../../../../msp430/lib/mmpy-16/libc.a(printf.o)
 .debug_frame   0x00000000000000dc       0xb0 /usr/lib/gcc/msp430/4.6.3/../../../../msp430/lib/mmpy-16/libc.a(vuprintf.o)
 .debug_frame   0x000000000000018c       0x24 /usr/lib/gcc/msp430/4.6.3/../../../../msp430/lib/mmpy-16/libc.a(puts.o)
 .debug_frame   0x00000000000001b0       0x3c /usr/lib/gcc/msp430/4.6.3/../../../../msp430/lib/mmpy-16/libc.a(rand.o)

.debug_str      0x0000000000000000      0x3e8
 *(.debug_str)
 .debug_str     0x0000000000000000       0xd0 /usr/lib/gcc/msp430/4.6.3/../../../../msp430/lib/mmpy-16/libc.a(strncmp.o)
                                        0x109 (size before relaxing)
 .debug_str     0x00000000000000d0       0x19 /usr/lib/gcc/msp430/4.6.3/../../../../msp430/lib/mmpy-16/libc.a(memcmp.o)
                                        0x107 (size before relaxing)
 .debug_str     0x00000000000000e9       0x34 /usr/lib/gcc/msp430/4.6.3/../../../../msp430/lib/mmpy-16/libc.a(memcpy.o)
                                        0x122 (size before relaxing)
 .debug_str     0x000000000000011d       0x26 /usr/lib/gcc/msp430/4.6.3/../../../../msp430/lib/mmpy-16/libc.a(memset.o)
                                        0x120 (size before relaxing)
 .debug_str     0x0000000000000143       0x40 /usr/lib/gcc/msp430/4.6.3/../../../../msp430/lib/mmpy-16/libc.a(printf.o)
                                        0x136 (size before relaxing)
 .debug_str     0x0000000000000183      0x221 /usr/lib/gcc/msp430/4.6.3/../../../../msp430/lib/mmpy-16/libc.a(vuprintf.o)
                                        0x381 (size before relaxing)
 .debug_str     0x00000000000003a4       0x15 /usr/lib/gcc/msp430/4.6.3/../../../../msp430/lib/mmpy-16/libc.a(puts.o)
                                         0xfc (size before relaxing)
 .debug_str     0x00000000000003b9       0x2f /usr/lib/gcc/msp430/4.6.3/../../../../msp430/lib/mmpy-16/libc.a(rand.o)
                                        0x11b (size before relaxing)

.debug_loc      0x0000000000000000      0xaf3
 *(.debug_loc)
 .debug_loc     0x0000000000000000       0x38 /usr/lib/gcc/msp430/4.6.3/../../../../msp430/lib/mmpy-16/libc.a(strncmp.o)
 .debug_loc     0x0000000000000038       0x5e /usr/lib/gcc/msp430/4.6.3/../../../../msp430/lib/mmpy-16/libc.a(memcmp.o)
 .debug_loc     0x0000000000000096      0x1f0 /usr/lib/gcc/msp430/4.6.3/../../../../msp430/lib/mmpy-16/libc.a(memcpy.o)
 .debug_loc     0x0000000000000286       0xdb /usr/lib/gcc/msp430/4.6.3/../../../../msp430/lib/mmpy-16/libc.a(memset.o)
 .debug_loc     0x0000000000000361       0x38 /usr/lib/gcc/msp430/4.6.3/../../../../msp430/lib/mmpy-16/libc.a(printf.o)
 .debug_loc     0x0000000000000399      0x705 /usr/lib/gcc/msp430/4.6.3/../../../../msp430/lib/mmpy-16/libc.a(vuprintf.o)
 .debug_loc     0x0000000000000a9e       0x26 /usr/lib/gcc/msp430/4.6.3/../../../../msp430/lib/mmpy-16/libc.a(puts.o)
 .debug_loc     0x0000000000000ac4       0x2f /usr/lib/gcc/msp430/4.6.3/../../../../msp430/lib/mmpy-16/libc.a(rand.o)

.debug_macinfo
 *(.debug_macinfo)

.debug_pubtypes
 *(.debug_pubtypes)

.debug_ranges   0x0000000000000000       0x18
 *(.debug_ranges)
 .debug_ranges  0x0000000000000000       0x18 /usr/lib/gcc/msp430/4.6.3/../../../../msp430/lib/mmpy-16/libc.a(vuprintf.o)
                0x0000000000003900                PROVIDE (__stack, (ORIGIN (ram) + 0x2800))
                0x0000000000009446                PROVIDE (__data_start_rom, _etext)
                0x00000000000094c6                PROVIDE (__data_end_rom, (_etext + SIZEOF (.data)))
OUTPUT(example-neighbors.sky elf32-msp430)
